[    0.000000] Linux version 5.10.0-136.12.0.86.oe2203sp1.x86_64 (root@dc-64g.compass-ci) (gcc_old (GCC) 10.3.1, GNU ld (GNU Binutils) 2.37) #1 SMP Tue Dec 27 17:50:15 CST 2022
[    0.000000] Command line: BOOT_IMAGE=/vmlinuz-5.10.0-136.12.0.86.oe2203sp1.x86_64 root=/dev/mapper/openeuler-root ro resume=/dev/mapper/openeuler-swap rd.lvm.lv=openeuler/root rd.lvm.lv=openeuler/swap cgroup_disable=files apparmor=0 crashkernel=512M amd_iommu=on kvm.ignore_msrs=1
[    0.000000] x86/fpu: Supporting XSAVE feature 0x001: 'x87 floating point registers'
[    0.000000] x86/fpu: Supporting XSAVE feature 0x002: 'SSE registers'
[    0.000000] x86/fpu: Supporting XSAVE feature 0x004: 'AVX registers'
[    0.000000] x86/fpu: Supporting XSAVE feature 0x200: 'Protection Keys User registers'
[    0.000000] x86/fpu: xstate_offset[2]:  576, xstate_sizes[2]:  256
[    0.000000] x86/fpu: xstate_offset[9]:  832, xstate_sizes[9]:    8
[    0.000000] x86/fpu: Enabled xstate features 0x207, context size is 840 bytes, using 'compacted' format.
[    0.000000] signal: max sigframe size: 3376
[    0.000000] BIOS-provided physical RAM map:
[    0.000000] BIOS-e820: [mem 0x0000000000000000-0x000000000009ffff] usable
[    0.000000] BIOS-e820: [mem 0x00000000000a0000-0x00000000000fffff] reserved
[    0.000000] BIOS-e820: [mem 0x0000000000100000-0x0000000009bfefff] usable
[    0.000000] BIOS-e820: [mem 0x0000000009bff000-0x0000000009ffffff] reserved
[    0.000000] BIOS-e820: [mem 0x000000000a000000-0x000000000a1fffff] usable
[    0.000000] BIOS-e820: [mem 0x000000000a200000-0x000000000a20efff] ACPI NVS
[    0.000000] BIOS-e820: [mem 0x000000000a20f000-0x000000000affffff] usable
[    0.000000] BIOS-e820: [mem 0x000000000b000000-0x000000000b01ffff] reserved
[    0.000000] BIOS-e820: [mem 0x000000000b020000-0x000000003404dfff] usable
[    0.000000] BIOS-e820: [mem 0x000000003404e000-0x000000003404efff] reserved
[    0.000000] BIOS-e820: [mem 0x000000003404f000-0x00000000340aafff] usable
[    0.000000] BIOS-e820: [mem 0x00000000340ab000-0x00000000340abfff] reserved
[    0.000000] BIOS-e820: [mem 0x00000000340ac000-0x000000003b0abfff] usable
[    0.000000] BIOS-e820: [mem 0x000000003b0ac000-0x00000000402d8fff] reserved
[    0.000000] BIOS-e820: [mem 0x00000000402d9000-0x000000007fffefff] usable
[    0.000000] BIOS-e820: [mem 0x000000007ffff000-0x000000007fffffff] reserved
[    0.000000] BIOS-e820: [mem 0x0000000080000000-0x00000000c3d58fff] usable
[    0.000000] BIOS-e820: [mem 0x00000000c3d59000-0x00000000c4089fff] reserved
[    0.000000] BIOS-e820: [mem 0x00000000c408a000-0x00000000c41ecfff] ACPI data
[    0.000000] BIOS-e820: [mem 0x00000000c41ed000-0x00000000c5c8cfff] ACPI NVS
[    0.000000] BIOS-e820: [mem 0x00000000c5c8d000-0x00000000c6bfefff] reserved
[    0.000000] BIOS-e820: [mem 0x00000000c6bff000-0x00000000c7ffffff] usable
[    0.000000] BIOS-e820: [mem 0x00000000c8000000-0x00000000caffffff] reserved
[    0.000000] BIOS-e820: [mem 0x00000000cf000000-0x00000000cfffffff] reserved
[    0.000000] BIOS-e820: [mem 0x00000000f8000000-0x00000000fbffffff] reserved
[    0.000000] BIOS-e820: [mem 0x00000000fd200000-0x00000000fd2fffff] reserved
[    0.000000] BIOS-e820: [mem 0x00000000fd600000-0x00000000fd6fffff] reserved
[    0.000000] BIOS-e820: [mem 0x00000000fea00000-0x00000000fea0ffff] reserved
[    0.000000] BIOS-e820: [mem 0x00000000feb80000-0x00000000fec01fff] reserved
[    0.000000] BIOS-e820: [mem 0x00000000fec10000-0x00000000fec10fff] reserved
[    0.000000] BIOS-e820: [mem 0x00000000fec30000-0x00000000fec30fff] reserved
[    0.000000] BIOS-e820: [mem 0x00000000fed00000-0x00000000fed00fff] reserved
[    0.000000] BIOS-e820: [mem 0x00000000fed40000-0x00000000fed44fff] reserved
[    0.000000] BIOS-e820: [mem 0x00000000fed80000-0x00000000fed8ffff] reserved
[    0.000000] BIOS-e820: [mem 0x00000000fedc2000-0x00000000fedcffff] reserved
[    0.000000] BIOS-e820: [mem 0x00000000fedd4000-0x00000000fedd5fff] reserved
[    0.000000] BIOS-e820: [mem 0x00000000ff000000-0x00000000ffffffff] reserved
[    0.000000] BIOS-e820: [mem 0x0000000100000000-0x0000001fae2fffff] usable
[    0.000000] BIOS-e820: [mem 0x0000001fae300000-0x000000202fffffff] reserved
[    0.000000] NX (Execute Disable) protection: active
[    0.000000] e820: update [mem 0xba9fd018-0xbaa0a857] usable ==> usable
[    0.000000] e820: update [mem 0xba9fd018-0xbaa0a857] usable ==> usable
[    0.000000] e820: update [mem 0xba9ef018-0xba9fc857] usable ==> usable
[    0.000000] e820: update [mem 0xba9ef018-0xba9fc857] usable ==> usable
[    0.000000] extended physical RAM map:
[    0.000000] reserve setup_data: [mem 0x0000000000000000-0x000000000009ffff] usable
[    0.000000] reserve setup_data: [mem 0x00000000000a0000-0x00000000000fffff] reserved
[    0.000000] reserve setup_data: [mem 0x0000000000100000-0x0000000009bfefff] usable
[    0.000000] reserve setup_data: [mem 0x0000000009bff000-0x0000000009ffffff] reserved
[    0.000000] reserve setup_data: [mem 0x000000000a000000-0x000000000a1fffff] usable
[    0.000000] reserve setup_data: [mem 0x000000000a200000-0x000000000a20efff] ACPI NVS
[    0.000000] reserve setup_data: [mem 0x000000000a20f000-0x000000000affffff] usable
[    0.000000] reserve setup_data: [mem 0x000000000b000000-0x000000000b01ffff] reserved
[    0.000000] reserve setup_data: [mem 0x000000000b020000-0x000000003404dfff] usable
[    0.000000] reserve setup_data: [mem 0x000000003404e000-0x000000003404efff] reserved
[    0.000000] reserve setup_data: [mem 0x000000003404f000-0x00000000340aafff] usable
[    0.000000] reserve setup_data: [mem 0x00000000340ab000-0x00000000340abfff] reserved
[    0.000000] reserve setup_data: [mem 0x00000000340ac000-0x000000003b0abfff] usable
[    0.000000] reserve setup_data: [mem 0x000000003b0ac000-0x00000000402d8fff] reserved
[    0.000000] reserve setup_data: [mem 0x00000000402d9000-0x000000007fffefff] usable
[    0.000000] reserve setup_data: [mem 0x000000007ffff000-0x000000007fffffff] reserved
[    0.000000] reserve setup_data: [mem 0x0000000080000000-0x00000000ba9ef017] usable
[    0.000000] reserve setup_data: [mem 0x00000000ba9ef018-0x00000000ba9fc857] usable
[    0.000000] reserve setup_data: [mem 0x00000000ba9fc858-0x00000000ba9fd017] usable
[    0.000000] reserve setup_data: [mem 0x00000000ba9fd018-0x00000000baa0a857] usable
[    0.000000] reserve setup_data: [mem 0x00000000baa0a858-0x00000000c3d58fff] usable
[    0.000000] reserve setup_data: [mem 0x00000000c3d59000-0x00000000c4089fff] reserved
[    0.000000] reserve setup_data: [mem 0x00000000c408a000-0x00000000c41ecfff] ACPI data
[    0.000000] reserve setup_data: [mem 0x00000000c41ed000-0x00000000c5c8cfff] ACPI NVS
[    0.000000] reserve setup_data: [mem 0x00000000c5c8d000-0x00000000c6bfefff] reserved
[    0.000000] reserve setup_data: [mem 0x00000000c6bff000-0x00000000c7ffffff] usable
[    0.000000] reserve setup_data: [mem 0x00000000c8000000-0x00000000caffffff] reserved
[    0.000000] reserve setup_data: [mem 0x00000000cf000000-0x00000000cfffffff] reserved
[    0.000000] reserve setup_data: [mem 0x00000000f8000000-0x00000000fbffffff] reserved
[    0.000000] reserve setup_data: [mem 0x00000000fd200000-0x00000000fd2fffff] reserved
[    0.000000] reserve setup_data: [mem 0x00000000fd600000-0x00000000fd6fffff] reserved
[    0.000000] reserve setup_data: [mem 0x00000000fea00000-0x00000000fea0ffff] reserved
[    0.000000] reserve setup_data: [mem 0x00000000feb80000-0x00000000fec01fff] reserved
[    0.000000] reserve setup_data: [mem 0x00000000fec10000-0x00000000fec10fff] reserved
[    0.000000] reserve setup_data: [mem 0x00000000fec30000-0x00000000fec30fff] reserved
[    0.000000] reserve setup_data: [mem 0x00000000fed00000-0x00000000fed00fff] reserved
[    0.000000] reserve setup_data: [mem 0x00000000fed40000-0x00000000fed44fff] reserved
[    0.000000] reserve setup_data: [mem 0x00000000fed80000-0x00000000fed8ffff] reserved
[    0.000000] reserve setup_data: [mem 0x00000000fedc2000-0x00000000fedcffff] reserved
[    0.000000] reserve setup_data: [mem 0x00000000fedd4000-0x00000000fedd5fff] reserved
[    0.000000] reserve setup_data: [mem 0x00000000ff000000-0x00000000ffffffff] reserved
[    0.000000] reserve setup_data: [mem 0x0000000100000000-0x0000001fae2fffff] usable
[    0.000000] reserve setup_data: [mem 0x0000001fae300000-0x000000202fffffff] reserved
[    0.000000] efi: EFI v2.70 by American Megatrends
[    0.000000] efi: ACPI=0xc41ec000 ACPI 2.0=0xc41ec014 SMBIOS=0xc6a16000 SMBIOS 3.0=0xc6a15000 MEMATTR=0xc2508018 ESRT=0xc2918918 MOKvar=0xc6a61000 RNG=0xc6a47f98 
[    0.000000] efi: seeding entropy pool
[    0.000000] SMBIOS 3.3.0 present.
[    0.000000] DMI: ASUS System Product Name/TUF GAMING B450M-PRO S, BIOS 3202 06/16/2021
[    0.000000] tsc: Fast TSC calibration using PIT
[    0.000000] tsc: Detected 3892.458 MHz processor
[    0.000136] e820: update [mem 0x00000000-0x00000fff] usable ==> reserved
[    0.000137] e820: remove [mem 0x000a0000-0x000fffff] usable
[    0.000145] last_pfn = 0x1fae300 max_arch_pfn = 0x400000000
[    0.000150] MTRR default type: uncachable
[    0.000151] MTRR fixed ranges enabled:
[    0.000151]   00000-9FFFF write-back
[    0.000152]   A0000-BFFFF write-through
[    0.000152]   C0000-DFFFF uncachable
[    0.000153]   E0000-FFFFF write-protect
[    0.000153] MTRR variable ranges enabled:
[    0.000154]   0 base 000000000000 mask FFFF80000000 write-back
[    0.000155]   1 base 000080000000 mask FFFFC0000000 write-back
[    0.000155]   2 base 0000C0000000 mask FFFFF0000000 write-back
[    0.000155]   3 disabled
[    0.000156]   4 disabled
[    0.000156]   5 disabled
[    0.000156]   6 disabled
[    0.000157]   7 disabled
[    0.000157] TOM2: 0000002030000000 aka 131840M
[    0.000555] x86/PAT: Configuration [0-7]: WB  WC  UC- UC  WB  WP  UC- WT  
[    0.000931] e820: update [mem 0xd0000000-0xffffffff] usable ==> reserved
[    0.000938] last_pfn = 0xc8000 max_arch_pfn = 0x400000000
[    0.003549] esrt: Reserving ESRT space from 0x00000000c2918918 to 0x00000000c2918950.
[    0.003554] e820: update [mem 0xc2918000-0xc2918fff] usable ==> reserved
[    0.003572] kexec: Reserving the low 1M of memory for crashkernel
[    0.003575] Using GB pages for direct mapping
[    0.004208] Secure boot disabled
[    0.004209] RAMDISK: [mem 0x3b0ac000-0x3cb5efff]
[    0.004211] Allocated new RAMDISK: [mem 0x1fac748000-0x1fae1fab97]
[    0.007386] Move RAMDISK from [mem 0x3b0ac000-0x3cb5eb97] to [mem 0x1fac748000-0x1fae1fab97]
[    0.007393] ACPI: Early table checksum verification disabled
[    0.007397] ACPI: RSDP 0x00000000C41EC014 000024 (v02 ALASKA)
[    0.007400] ACPI: XSDT 0x00000000C41EB728 0000C4 (v01 ALASKA A M I    01072009 AMI  01000013)
[    0.007405] ACPI: FACP 0x00000000C41DC000 000114 (v06 ALASKA A M I    01072009 AMI  00010013)
[    0.007409] ACPI: DSDT 0x00000000C41D0000 00B1F6 (v02 ALASKA A M I    01072009 INTL 20120913)
[    0.007411] ACPI: FACS 0x00000000C4C72000 000040
[    0.007413] ACPI: IVRS 0x00000000C41EA000 0000D0 (v02 AMD    AmdTable 00000001 AMD  00000001)
[    0.007415] ACPI: SSDT 0x00000000C41E2000 00723C (v02 AMD    MYRTLE   00000002 MSFT 04000000)
[    0.007417] ACPI: SSDT 0x00000000C41DE000 003C43 (v01 AMD    AMD AOD  00000001 INTL 20120913)
[    0.007418] ACPI: SSDT 0x00000000C41DD000 0000C8 (v02 ALASKA CPUSSDT  01072009 AMI  01072009)
[    0.007420] ACPI: FIDT 0x00000000C41CF000 00009C (v01 ALASKA A M I    01072009 AMI  00010013)
[    0.007422] ACPI: FPDT 0x00000000C40D2000 000044 (v01 ALASKA A M I    01072009 AMI  01000013)
[    0.007424] ACPI: MCFG 0x00000000C41CD000 00003C (v01 ALASKA A M I    01072009 MSFT 00010013)
[    0.007426] ACPI: HPET 0x00000000C41CC000 000038 (v01 ALASKA A M I    01072009 AMI  00000005)
[    0.007427] ACPI: VFCT 0x00000000C41BD000 00D884 (v01 ALASKA A M I    00000001 AMD  31504F47)
[    0.007429] ACPI: WPBT 0x00000000C40E3000 00003C (v01 ALASKA A M I    00000001 ASUS 00000001)
[    0.007431] ACPI: SSDT 0x00000000C40DF000 003E4C (v02 AMD    AmdTable 00000001 AMD  00000001)
[    0.007433] ACPI: CRAT 0x00000000C40DE000 000B68 (v01 AMD    AmdTable 00000001 AMD  00000001)
[    0.007434] ACPI: CDIT 0x00000000C40DD000 000029 (v01 AMD    AmdTable 00000001 AMD  00000001)
[    0.007436] ACPI: SSDT 0x00000000C40DC000 000D53 (v01 AMD    MYRTLEG2 00000001 INTL 20120913)
[    0.007438] ACPI: SSDT 0x00000000C40DA000 0010AC (v01 AMD    MYRTLEPX 00000001 INTL 20120913)
[    0.007440] ACPI: SSDT 0x00000000C40D9000 00022A (v01 AMD    MYRTLEGP 00000001 INTL 20120913)
[    0.007441] ACPI: SSDT 0x00000000C40D5000 00381A (v01 AMD    MYRTLE   00000001 INTL 20120913)
[    0.007443] ACPI: SSDT 0x00000000C40D4000 0000BF (v01 AMD    AmdTable 00001000 INTL 20120913)
[    0.007445] ACPI: APIC 0x00000000C40D3000 00015E (v03 ALASKA A M I    01072009 AMI  00010013)
[    0.007447] ACPI: Reserving FACP table memory at [mem 0xc41dc000-0xc41dc113]
[    0.007447] ACPI: Reserving DSDT table memory at [mem 0xc41d0000-0xc41db1f5]
[    0.007448] ACPI: Reserving FACS table memory at [mem 0xc4c72000-0xc4c7203f]
[    0.007449] ACPI: Reserving IVRS table memory at [mem 0xc41ea000-0xc41ea0cf]
[    0.007449] ACPI: Reserving SSDT table memory at [mem 0xc41e2000-0xc41e923b]
[    0.007450] ACPI: Reserving SSDT table memory at [mem 0xc41de000-0xc41e1c42]
[    0.007451] ACPI: Reserving SSDT table memory at [mem 0xc41dd000-0xc41dd0c7]
[    0.007451] ACPI: Reserving FIDT table memory at [mem 0xc41cf000-0xc41cf09b]
[    0.007452] ACPI: Reserving FPDT table memory at [mem 0xc40d2000-0xc40d2043]
[    0.007453] ACPI: Reserving MCFG table memory at [mem 0xc41cd000-0xc41cd03b]
[    0.007453] ACPI: Reserving HPET table memory at [mem 0xc41cc000-0xc41cc037]
[    0.007454] ACPI: Reserving VFCT table memory at [mem 0xc41bd000-0xc41ca883]
[    0.007455] ACPI: Reserving WPBT table memory at [mem 0xc40e3000-0xc40e303b]
[    0.007455] ACPI: Reserving SSDT table memory at [mem 0xc40df000-0xc40e2e4b]
[    0.007456] ACPI: Reserving CRAT table memory at [mem 0xc40de000-0xc40deb67]
[    0.007457] ACPI: Reserving CDIT table memory at [mem 0xc40dd000-0xc40dd028]
[    0.007457] ACPI: Reserving SSDT table memory at [mem 0xc40dc000-0xc40dcd52]
[    0.007458] ACPI: Reserving SSDT table memory at [mem 0xc40da000-0xc40db0ab]
[    0.007459] ACPI: Reserving SSDT table memory at [mem 0xc40d9000-0xc40d9229]
[    0.007459] ACPI: Reserving SSDT table memory at [mem 0xc40d5000-0xc40d8819]
[    0.007460] ACPI: Reserving SSDT table memory at [mem 0xc40d4000-0xc40d40be]
[    0.007461] ACPI: Reserving APIC table memory at [mem 0xc40d3000-0xc40d315d]
[    0.007473] ACPI: Local APIC address 0xfee00000
[    0.007519] No NUMA configuration found
[    0.007521] Faking a node at [mem 0x0000000000000000-0x0000001fae2fffff]
[    0.007528] NODE_DATA(0) allocated [mem 0x1fae2d6000-0x1fae2fffff]
[    0.007711] Reserving 512MB of memory at 2464MB for crashkernel (System RAM: 128733MB)
[    0.007781] Zone ranges:
[    0.007782]   DMA      [mem 0x0000000000001000-0x0000000000ffffff]
[    0.007783]   DMA32    [mem 0x0000000001000000-0x00000000ffffffff]
[    0.007784]   Normal   [mem 0x0000000100000000-0x0000001fae2fffff]
[    0.007785]   Device   empty
[    0.007786] Movable zone start for each node
[    0.007787] Early memory node ranges
[    0.007788]   node   0: [mem 0x0000000000001000-0x000000000009ffff]
[    0.007789]   node   0: [mem 0x0000000000100000-0x0000000009bfefff]
[    0.007790]   node   0: [mem 0x000000000a000000-0x000000000a1fffff]
[    0.007791]   node   0: [mem 0x000000000a20f000-0x000000000affffff]
[    0.007791]   node   0: [mem 0x000000000b020000-0x000000003404dfff]
[    0.007792]   node   0: [mem 0x000000003404f000-0x00000000340aafff]
[    0.007792]   node   0: [mem 0x00000000340ac000-0x000000003b0abfff]
[    0.007793]   node   0: [mem 0x00000000402d9000-0x000000007fffefff]
[    0.007794]   node   0: [mem 0x0000000080000000-0x00000000c3d58fff]
[    0.007794]   node   0: [mem 0x00000000c6bff000-0x00000000c7ffffff]
[    0.007795]   node   0: [mem 0x0000000100000000-0x0000001fae2fffff]
[    0.007800] Initmem setup node 0 [mem 0x0000000000001000-0x0000001fae2fffff]
[    0.007801] On node 0 totalpages: 32955801
[    0.007802]   DMA zone: 64 pages used for memmap
[    0.007803]   DMA zone: 159 pages reserved
[    0.007803]   DMA zone: 3999 pages, LIFO batch:0
[    0.007804]   DMA32 zone: 12204 pages used for memmap
[    0.007804]   DMA32 zone: 781050 pages, LIFO batch:63
[    0.007805]   Normal zone: 502668 pages used for memmap
[    0.007805]   Normal zone: 32170752 pages, LIFO batch:63
[    0.007808] On node 0, zone DMA: 1 pages in unavailable ranges
[    0.007834] On node 0, zone DMA: 96 pages in unavailable ranges
[    0.008063] On node 0, zone DMA32: 1025 pages in unavailable ranges
[    0.008086] On node 0, zone DMA32: 15 pages in unavailable ranges
[    0.009118] On node 0, zone DMA32: 32 pages in unavailable ranges
[    0.009119] On node 0, zone DMA32: 1 pages in unavailable ranges
[    0.009296] On node 0, zone DMA32: 1 pages in unavailable ranges
[    0.011028] On node 0, zone DMA32: 21037 pages in unavailable ranges
[    0.012728] On node 0, zone DMA32: 1 pages in unavailable ranges
[    0.012838] On node 0, zone DMA32: 11942 pages in unavailable ranges
[    0.013092] On node 0, zone Normal: 7424 pages in unavailable ranges
[    0.013489] ACPI: PM-Timer IO Port: 0x808
[    0.013491] ACPI: Local APIC address 0xfee00000
[    0.013499] ACPI: LAPIC_NMI (acpi_id[0xff] high edge lint[0x1])
[    0.013511] IOAPIC[0]: apic_id 13, version 33, address 0xfec00000, GSI 0-23
[    0.013516] IOAPIC[1]: apic_id 14, version 33, address 0xfec01000, GSI 24-55
[    0.013518] ACPI: INT_SRC_OVR (bus 0 bus_irq 0 global_irq 2 dfl dfl)
[    0.013519] ACPI: INT_SRC_OVR (bus 0 bus_irq 9 global_irq 9 low level)
[    0.013520] ACPI: IRQ0 used by override.
[    0.013521] ACPI: IRQ9 used by override.
[    0.013522] Using ACPI (MADT) for SMP configuration information
[    0.013524] ACPI: HPET id: 0x10228201 base: 0xfed00000
[    0.013528] smpboot: Allowing 32 CPUs, 20 hotplug CPUs
[    0.013560] PM: hibernation: Registered nosave memory: [mem 0x00000000-0x00000fff]
[    0.013561] PM: hibernation: Registered nosave memory: [mem 0x000a0000-0x000fffff]
[    0.013563] PM: hibernation: Registered nosave memory: [mem 0x09bff000-0x09ffffff]
[    0.013564] PM: hibernation: Registered nosave memory: [mem 0x0a200000-0x0a20efff]
[    0.013565] PM: hibernation: Registered nosave memory: [mem 0x0b000000-0x0b01ffff]
[    0.013567] PM: hibernation: Registered nosave memory: [mem 0x3404e000-0x3404efff]
[    0.013568] PM: hibernation: Registered nosave memory: [mem 0x340ab000-0x340abfff]
[    0.013569] PM: hibernation: Registered nosave memory: [mem 0x3b0ac000-0x402d8fff]
[    0.013571] PM: hibernation: Registered nosave memory: [mem 0x7ffff000-0x7fffffff]
[    0.013572] PM: hibernation: Registered nosave memory: [mem 0xba9ef000-0xba9effff]
[    0.013574] PM: hibernation: Registered nosave memory: [mem 0xba9fc000-0xba9fcfff]
[    0.013574] PM: hibernation: Registered nosave memory: [mem 0xba9fd000-0xba9fdfff]
[    0.013576] PM: hibernation: Registered nosave memory: [mem 0xbaa0a000-0xbaa0afff]
[    0.013577] PM: hibernation: Registered nosave memory: [mem 0xc2918000-0xc2918fff]
[    0.013578] PM: hibernation: Registered nosave memory: [mem 0xc3d59000-0xc4089fff]
[    0.013579] PM: hibernation: Registered nosave memory: [mem 0xc408a000-0xc41ecfff]
[    0.013580] PM: hibernation: Registered nosave memory: [mem 0xc41ed000-0xc5c8cfff]
[    0.013580] PM: hibernation: Registered nosave memory: [mem 0xc5c8d000-0xc6bfefff]
[    0.013581] PM: hibernation: Registered nosave memory: [mem 0xc8000000-0xcaffffff]
[    0.013582] PM: hibernation: Registered nosave memory: [mem 0xcb000000-0xceffffff]
[    0.013583] PM: hibernation: Registered nosave memory: [mem 0xcf000000-0xcfffffff]
[    0.013583] PM: hibernation: Registered nosave memory: [mem 0xd0000000-0xf7ffffff]
[    0.013584] PM: hibernation: Registered nosave memory: [mem 0xf8000000-0xfbffffff]
[    0.013584] PM: hibernation: Registered nosave memory: [mem 0xfc000000-0xfd1fffff]
[    0.013585] PM: hibernation: Registered nosave memory: [mem 0xfd200000-0xfd2fffff]
[    0.013585] PM: hibernation: Registered nosave memory: [mem 0xfd300000-0xfd5fffff]
[    0.013586] PM: hibernation: Registered nosave memory: [mem 0xfd600000-0xfd6fffff]
[    0.013586] PM: hibernation: Registered nosave memory: [mem 0xfd700000-0xfe9fffff]
[    0.013587] PM: hibernation: Registered nosave memory: [mem 0xfea00000-0xfea0ffff]
[    0.013588] PM: hibernation: Registered nosave memory: [mem 0xfea10000-0xfeb7ffff]
[    0.013588] PM: hibernation: Registered nosave memory: [mem 0xfeb80000-0xfec01fff]
[    0.013589] PM: hibernation: Registered nosave memory: [mem 0xfec02000-0xfec0ffff]
[    0.013589] PM: hibernation: Registered nosave memory: [mem 0xfec10000-0xfec10fff]
[    0.013590] PM: hibernation: Registered nosave memory: [mem 0xfec11000-0xfec2ffff]
[    0.013590] PM: hibernation: Registered nosave memory: [mem 0xfec30000-0xfec30fff]
[    0.013591] PM: hibernation: Registered nosave memory: [mem 0xfec31000-0xfecfffff]
[    0.013591] PM: hibernation: Registered nosave memory: [mem 0xfed00000-0xfed00fff]
[    0.013592] PM: hibernation: Registered nosave memory: [mem 0xfed01000-0xfed3ffff]
[    0.013592] PM: hibernation: Registered nosave memory: [mem 0xfed40000-0xfed44fff]
[    0.013593] PM: hibernation: Registered nosave memory: [mem 0xfed45000-0xfed7ffff]
[    0.013593] PM: hibernation: Registered nosave memory: [mem 0xfed80000-0xfed8ffff]
[    0.013594] PM: hibernation: Registered nosave memory: [mem 0xfed90000-0xfedc1fff]
[    0.013595] PM: hibernation: Registered nosave memory: [mem 0xfedc2000-0xfedcffff]
[    0.013595] PM: hibernation: Registered nosave memory: [mem 0xfedd0000-0xfedd3fff]
[    0.013596] PM: hibernation: Registered nosave memory: [mem 0xfedd4000-0xfedd5fff]
[    0.013596] PM: hibernation: Registered nosave memory: [mem 0xfedd6000-0xfeffffff]
[    0.013597] PM: hibernation: Registered nosave memory: [mem 0xff000000-0xffffffff]
[    0.013599] [mem 0xd0000000-0xf7ffffff] available for PCI devices
[    0.013601] Booting paravirtualized kernel on bare hardware
[    0.013603] clocksource: refined-jiffies: mask: 0xffffffff max_cycles: 0xffffffff, max_idle_ns: 1910969940391419 ns
[    0.016338] setup_percpu: NR_CPUS:8192 nr_cpumask_bits:32 nr_cpu_ids:32 nr_node_ids:1
[    0.017505] percpu: Embedded 65 pages/cpu s229376 r8192 d28672 u524288
[    0.017511] pcpu-alloc: s229376 r8192 d28672 u524288 alloc=1*2097152
[    0.017512] pcpu-alloc: [0] 00 01 02 03 [0] 04 05 06 07 
[    0.017515] pcpu-alloc: [0] 08 09 10 11 [0] 12 13 14 15 
[    0.017518] pcpu-alloc: [0] 16 17 18 19 [0] 20 21 22 23 
[    0.017521] pcpu-alloc: [0] 24 25 26 27 [0] 28 29 30 31 
[    0.017546] Fallback order for Node 0: 0 
[    0.017549] Built 1 zonelists, mobility grouping on.  Total pages: 32440706
[    0.017549] Policy zone: Normal
[    0.017551] Kernel command line: BOOT_IMAGE=/vmlinuz-5.10.0-136.12.0.86.oe2203sp1.x86_64 root=/dev/mapper/openeuler-root ro resume=/dev/mapper/openeuler-swap rd.lvm.lv=openeuler/root rd.lvm.lv=openeuler/swap cgroup_disable=files apparmor=0 crashkernel=512M amd_iommu=on kvm.ignore_msrs=1
[    0.017614] cgroup: Disabling files control group subsystem
[    0.019794] Dentry cache hash table entries: 8388608 (order: 14, 67108864 bytes, linear)
[    0.020868] Inode-cache hash table entries: 4194304 (order: 13, 33554432 bytes, linear)
[    0.020948] mem auto-init: stack:off, heap alloc:off, heap free:off
[    0.045391] Memory: 2590744K/131823204K available (14345K kernel code, 5849K rwdata, 7800K rodata, 2748K init, 7380K bss, 2922384K reserved, 0K cma-reserved)
[    0.045698] SLUB: HWalign=64, Order=0-3, MinObjects=0, CPUs=32, Nodes=1
[    0.045720] Kernel/User page tables isolation: enabled
[    0.045738] ftrace: allocating 44078 entries in 173 pages
[    0.061351] ftrace: allocated 173 pages with 5 groups
[    0.061487] rcu: Hierarchical RCU implementation.
[    0.061489] rcu: 	RCU restricting CPUs from NR_CPUS=8192 to nr_cpu_ids=32.
[    0.061490] 	Rude variant of Tasks RCU enabled.
[    0.061490] 	Tracing variant of Tasks RCU enabled.
[    0.061491] rcu: RCU calculated value of scheduler-enlistment delay is 100 jiffies.
[    0.061492] rcu: Adjusting geometry for rcu_fanout_leaf=16, nr_cpu_ids=32
[    0.063278] NR_IRQS: 524544, nr_irqs: 1224, preallocated irqs: 16
[    0.063515] Console: colour dummy device 80x25
[    0.063757] printk: console [tty0] enabled
[    0.063780] ACPI: Core revision 20200925
[    0.063937] clocksource: hpet: mask: 0xffffffff max_cycles: 0xffffffff, max_idle_ns: 133484873504 ns
[    0.063954] APIC: Switch to symmetric I/O mode setup
[    0.064805] Switched APIC routing to physical flat.
[    0.065442] ..TIMER: vector=0x30 apic1=0 pin1=2 apic2=-1 pin2=-1
[    0.069964] clocksource: tsc-early: mask: 0xffffffffffffffff max_cycles: 0x70370a6f453, max_idle_ns: 881590594731 ns
[    0.069968] Calibrating delay loop (skipped), value calculated using timer frequency.. 7784.91 BogoMIPS (lpj=3892458)
[    0.069970] pid_max: default: 32768 minimum: 301
[    0.071719] LSM: Security Framework initializing
[    0.071733] Yama: becoming mindful.
[    0.071742] SELinux:  Initializing.
[    0.071915] Mount-cache hash table entries: 131072 (order: 8, 1048576 bytes, linear)
[    0.071996] Mountpoint-cache hash table entries: 131072 (order: 8, 1048576 bytes, linear)
[    0.072396] x86/cpu: User Mode Instruction Prevention (UMIP) activated
[    0.072419] LVT offset 1 assigned for vector 0xf9
[    0.072485] LVT offset 2 assigned for vector 0xf4
[    0.072504] process: using AMD E400 aware idle routine
[    0.072506] Last level iTLB entries: 4KB 512, 2MB 512, 4MB 256
[    0.072507] Last level dTLB entries: 4KB 2048, 2MB 2048, 4MB 1024, 1GB 0
[    0.072511] Spectre V1 : Mitigation: usercopy/swapgs barriers and __user pointer sanitization
[    0.072513] Spectre V2 : Mitigation: Retpolines
[    0.072514] Spectre V2 : Spectre v2 / SpectreRSB mitigation: Filling RSB on context switch
[    0.072515] Spectre V2 : Spectre v2 / SpectreRSB : Filling RSB on VMEXIT
[    0.072517] Spectre V2 : Enabling Restricted Speculation for firmware calls
[    0.072519] Spectre V2 : mitigation: Enabling conditional Indirect Branch Prediction Barrier
[    0.072520] Spectre V2 : User space: Mitigation: STIBP always-on protection
[    0.072523] Speculative Store Bypass: Mitigation: Speculative Store Bypass disabled via prctl and seccomp
[    0.083894] Freeing SMP alternatives memory: 36K
[    0.187555] smpboot: CPU0: AMD Ryzen 5 5600G with Radeon Graphics (family: 0x19, model: 0x50, stepping: 0x0)
[    0.187745] Performance Events: Fam17h+ core perfctr, AMD PMU driver.
[    0.187750] ... version:                0
[    0.187751] ... bit width:              48
[    0.187752] ... generic registers:      6
[    0.187753] ... value mask:             0000ffffffffffff
[    0.187754] ... max period:             00007fffffffffff
[    0.187755] ... fixed-purpose events:   0
[    0.187756] ... event mask:             000000000000003f
[    0.187821] rcu: Hierarchical SRCU implementation.
[    0.188153] smp: Bringing up secondary CPUs ...
[    0.188277] x86: Booting SMP configuration:
[    0.188279] .... node  #0, CPUs:        #1  #2  #3  #4  #5  #6
[    0.196023] Spectre V2 : Update user space SMT mitigation: STIBP always-on
[    0.196116]   #7  #8  #9 #10 #11
[    0.201984] smp: Brought up 1 node, 12 CPUs
[    0.201990] smpboot: Max logical packages: 3
[    0.201992] smpboot: Total of 12 processors activated (93418.99 BogoMIPS)
[    0.352103] node 0 deferred pages initialised in 149ms
[    0.354145] devtmpfs: initialized
[    0.354145] x86/mm: Memory block size: 2048MB
[    0.354592] PM: Registering ACPI NVS region [mem 0x0a200000-0x0a20efff] (61440 bytes)
[    0.354592] PM: Registering ACPI NVS region [mem 0xc41ed000-0xc5c8cfff] (27918336 bytes)
[    0.355894] clocksource: jiffies: mask: 0xffffffff max_cycles: 0xffffffff, max_idle_ns: 1911260446275000 ns
[    0.355900] futex hash table entries: 8192 (order: 7, 524288 bytes, linear)
[    0.355999] pinctrl core: initialized pinctrl subsystem
[    0.356330] NET: Registered protocol family 16
[    0.356432] DMA: preallocated 4096 KiB GFP_KERNEL pool for atomic allocations
[    0.356443] DMA: preallocated 4096 KiB GFP_KERNEL|GFP_DMA pool for atomic allocations
[    0.356456] DMA: preallocated 4096 KiB GFP_KERNEL|GFP_DMA32 pool for atomic allocations
[    0.356463] audit: initializing netlink subsys (disabled)
[    0.356467] audit: type=2000 audit(1686824664.292:1): state=initialized audit_enabled=0 res=1
[    0.356467] thermal_sys: Registered thermal governor 'fair_share'
[    0.356467] thermal_sys: Registered thermal governor 'bang_bang'
[    0.356467] thermal_sys: Registered thermal governor 'step_wise'
[    0.356467] thermal_sys: Registered thermal governor 'user_space'
[    0.356467] cpuidle: using governor menu
[    0.356467] HugeTLB: can optimize 4095 vmemmap pages for hugepages-1048576kB
[    0.356467] ACPI: bus type PCI registered
[    0.356467] acpiphp: ACPI Hot Plug PCI Controller Driver version: 0.5
[    0.356467] PCI: MMCONFIG for domain 0000 [bus 00-3f] at [mem 0xf8000000-0xfbffffff] (base 0xf8000000)
[    0.356467] PCI: MMCONFIG at [mem 0xf8000000-0xfbffffff] reserved in E820
[    0.356467] PCI: Using configuration type 1 for base access
[    0.358031] Kprobes globally optimized
[    0.358037] HugeTLB: can optimize 7 vmemmap pages for hugepages-2048kB
[    0.358037] HugeTLB registered 1.00 GiB page size, pre-allocated 0 pages
[    0.358037] HugeTLB registered 2.00 MiB page size, pre-allocated 0 pages
[    0.377078] cryptd: max_cpu_qlen set to 1000
[    0.381480] ACPI: Added _OSI(Module Device)
[    0.381480] ACPI: Added _OSI(Processor Device)
[    0.381480] ACPI: Added _OSI(3.0 _SCP Extensions)
[    0.381480] ACPI: Added _OSI(Processor Aggregator Device)
[    0.381480] ACPI: Added _OSI(Linux-Dell-Video)
[    0.381480] ACPI: Added _OSI(Linux-Lenovo-NV-HDMI-Audio)
[    0.381480] ACPI: Added _OSI(Linux-HPI-Hybrid-Graphics)
[    0.387124] ACPI BIOS Error (bug): Failure creating named object [\_SB.PCI0.GPP0.VGA], AE_ALREADY_EXISTS (20200925/dswload2-326)
[    0.387129] ACPI Error: AE_ALREADY_EXISTS, During name lookup/catalog (20200925/psobject-220)
[    0.387132] ACPI: Skipping parse of AML opcode: OpcodeName unavailable (0x5B82)
[    0.387134] ACPI BIOS Error (bug): Failure creating named object [\_SB.PCI0.GPP0.HDAU], AE_ALREADY_EXISTS (20200925/dswload2-326)
[    0.387137] ACPI Error: AE_ALREADY_EXISTS, During name lookup/catalog (20200925/psobject-220)
[    0.387138] ACPI: Skipping parse of AML opcode: OpcodeName unavailable (0x5B82)
[    0.387617] ACPI: 10 ACPI AML tables successfully acquired and loaded
[    0.388320] ACPI: [Firmware Bug]: BIOS _OSI(Linux) query ignored
[    0.389237] ACPI: Interpreter enabled
[    0.389250] ACPI: (supports S0 S3 S4 S5)
[    0.389251] ACPI: Using IOAPIC for interrupt routing
[    0.389431] PCI: Using host bridge windows from ACPI; if necessary, use "pci=nocrs" and report a bug
[    0.389562] ACPI: Enabled 4 GPEs in block 00 to 1F
[    0.393469] ACPI: PCI Root Bridge [PCI0] (domain 0000 [bus 00-ff])
[    0.393474] acpi PNP0A08:00: _OSC: OS supports [ExtendedConfig ASPM ClockPM Segments MSI HPX-Type3]
[    0.393551] acpi PNP0A08:00: _OSC: platform does not support [SHPCHotplug LTR]
[    0.393622] acpi PNP0A08:00: _OSC: OS now controls [PCIeHotplug PME AER PCIeCapability]
[    0.393632] acpi PNP0A08:00: [Firmware Info]: MMCONFIG for domain 0000 [bus 00-3f] only partially covers this bridge
[    0.393758] PCI host bridge to bus 0000:00
[    0.393760] pci_bus 0000:00: root bus resource [io  0x0000-0x03af window]
[    0.393762] pci_bus 0000:00: root bus resource [io  0x03e0-0x0cf7 window]
[    0.393763] pci_bus 0000:00: root bus resource [io  0x03b0-0x03df window]
[    0.393765] pci_bus 0000:00: root bus resource [io  0x0d00-0xffff window]
[    0.393766] pci_bus 0000:00: root bus resource [mem 0x000a0000-0x000bffff window]
[    0.393767] pci_bus 0000:00: root bus resource [mem 0x000c0000-0x000dffff window]
[    0.393768] pci_bus 0000:00: root bus resource [mem 0xd0000000-0xf6ffffff window]
[    0.393770] pci_bus 0000:00: root bus resource [mem 0x2030000000-0x7fffffffff window]
[    0.393771] pci_bus 0000:00: root bus resource [bus 00-ff]
[    0.393781] pci 0000:00:00.0: [1022:1630] type 00 class 0x060000
[    0.393870] pci 0000:00:00.2: [1022:1631] type 00 class 0x080600
[    0.393957] pci 0000:00:01.0: [1022:1632] type 00 class 0x060000
[    0.394014] pci 0000:00:01.1: [1022:1633] type 01 class 0x060400
[    0.394067] pci 0000:00:01.1: PME# supported from D0 D3hot D3cold
[    0.394156] pci 0000:00:02.0: [1022:1632] type 00 class 0x060000
[    0.394214] pci 0000:00:02.1: [1022:1634] type 01 class 0x060400
[    0.394236] pci 0000:00:02.1: enabling Extended Tags
[    0.394267] pci 0000:00:02.1: PME# supported from D0 D3hot D3cold
[    0.394343] pci 0000:00:02.2: [1022:1634] type 01 class 0x060400
[    0.394365] pci 0000:00:02.2: enabling Extended Tags
[    0.394396] pci 0000:00:02.2: PME# supported from D0 D3hot D3cold
[    0.394491] pci 0000:00:08.0: [1022:1632] type 00 class 0x060000
[    0.394548] pci 0000:00:08.1: [1022:1635] type 01 class 0x060400
[    0.394570] pci 0000:00:08.1: enabling Extended Tags
[    0.394598] pci 0000:00:08.1: PME# supported from D0 D3hot D3cold
[    0.394672] pci 0000:00:08.2: [1022:1635] type 01 class 0x060400
[    0.394693] pci 0000:00:08.2: enabling Extended Tags
[    0.394722] pci 0000:00:08.2: PME# supported from D0 D3hot D3cold
[    0.394816] pci 0000:00:14.0: [1022:790b] type 00 class 0x0c0500
[    0.394931] pci 0000:00:14.3: [1022:790e] type 00 class 0x060100
[    0.395051] pci 0000:00:18.0: [1022:166a] type 00 class 0x060000
[    0.395086] pci 0000:00:18.1: [1022:166b] type 00 class 0x060000
[    0.395121] pci 0000:00:18.2: [1022:166c] type 00 class 0x060000
[    0.395161] pci 0000:00:18.3: [1022:166d] type 00 class 0x060000
[    0.395195] pci 0000:00:18.4: [1022:166e] type 00 class 0x060000
[    0.395230] pci 0000:00:18.5: [1022:166f] type 00 class 0x060000
[    0.395267] pci 0000:00:18.6: [1022:1670] type 00 class 0x060000
[    0.395301] pci 0000:00:18.7: [1022:1671] type 00 class 0x060000
[    0.395393] pci 0000:01:00.0: [10de:2236] type 00 class 0x030200
[    0.395402] pci 0000:01:00.0: reg 0x10: [mem 0xf4000000-0xf4ffffff]
[    0.395409] pci 0000:01:00.0: reg 0x14: [mem 0x6000000000-0x67ffffffff 64bit pref]
[    0.395417] pci 0000:01:00.0: reg 0x1c: [mem 0x7840000000-0x7841ffffff 64bit pref]
[    0.395436] pci 0000:01:00.0: Enabling HDA controller
[    0.395481] pci 0000:01:00.0: PME# supported from D0 D3hot
[    0.395506] pci 0000:01:00.0: reg 0xbf0: [mem 0xf5000000-0xf503ffff]
[    0.395508] pci 0000:01:00.0: VF(n) BAR0 space: [mem 0xf5000000-0xf57fffff] (contains BAR0 for 32 VFs)
[    0.395515] pci 0000:01:00.0: reg 0xbf4: [mem 0x6800000000-0x687fffffff 64bit pref]
[    0.395516] pci 0000:01:00.0: VF(n) BAR1 space: [mem 0x6800000000-0x77ffffffff 64bit pref] (contains BAR1 for 32 VFs)
[    0.395523] pci 0000:01:00.0: reg 0xbfc: [mem 0x7800000000-0x7801ffffff 64bit pref]
[    0.395524] pci 0000:01:00.0: VF(n) BAR3 space: [mem 0x7800000000-0x783fffffff 64bit pref] (contains BAR3 for 32 VFs)
[    0.395630] pci 0000:01:00.0: 126.016 Gb/s available PCIe bandwidth, limited by 8.0 GT/s PCIe x16 link at 0000:00:01.1 (capable of 252.048 Gb/s with 16.0 GT/s PCIe x16 link)
[    0.395689] pci 0000:00:01.1: PCI bridge to [bus 01]
[    0.395693] pci 0000:00:01.1:   bridge window [mem 0xf4000000-0xf57fffff]
[    0.395697] pci 0000:00:01.1:   bridge window [mem 0x6000000000-0x7841ffffff 64bit pref]
[    0.395745] pci 0000:02:00.0: [1022:43d5] type 00 class 0x0c0330
[    0.395762] pci 0000:02:00.0: reg 0x10: [mem 0xf5ea0000-0xf5ea7fff 64bit]
[    0.395799] pci 0000:02:00.0: enabling Extended Tags
[    0.395853] pci 0000:02:00.0: PME# supported from D3hot D3cold
[    0.395951] pci 0000:02:00.1: [1022:43c8] type 00 class 0x010601
[    0.395997] pci 0000:02:00.1: reg 0x24: [mem 0xf5e80000-0xf5e9ffff]
[    0.396005] pci 0000:02:00.1: reg 0x30: [mem 0xf5e00000-0xf5e7ffff pref]
[    0.396011] pci 0000:02:00.1: enabling Extended Tags
[    0.396049] pci 0000:02:00.1: PME# supported from D3hot D3cold
[    0.396121] pci 0000:02:00.2: [1022:43c6] type 01 class 0x060400
[    0.396161] pci 0000:02:00.2: enabling Extended Tags
[    0.396204] pci 0000:02:00.2: PME# supported from D3hot D3cold
[    0.396278] pci 0000:00:02.1: PCI bridge to [bus 02-06]
[    0.396281] pci 0000:00:02.1:   bridge window [io  0xf000-0xffff]
[    0.396284] pci 0000:00:02.1:   bridge window [mem 0xf5d00000-0xf5efffff]
[    0.396363] pci 0000:03:00.0: [1022:43c7] type 01 class 0x060400
[    0.396407] pci 0000:03:00.0: enabling Extended Tags
[    0.396461] pci 0000:03:00.0: PME# supported from D3hot D3cold
[    0.396548] pci 0000:03:01.0: [1022:43c7] type 01 class 0x060400
[    0.396593] pci 0000:03:01.0: enabling Extended Tags
[    0.396647] pci 0000:03:01.0: PME# supported from D3hot D3cold
[    0.396737] pci 0000:03:04.0: [1022:43c7] type 01 class 0x060400
[    0.396782] pci 0000:03:04.0: enabling Extended Tags
[    0.396836] pci 0000:03:04.0: PME# supported from D3hot D3cold
[    0.396939] pci 0000:02:00.2: PCI bridge to [bus 03-06]
[    0.396944] pci 0000:02:00.2:   bridge window [io  0xf000-0xffff]
[    0.396947] pci 0000:02:00.2:   bridge window [mem 0xf5d00000-0xf5dfffff]
[    0.396983] pci 0000:03:00.0: PCI bridge to [bus 04]
[    0.397062] pci 0000:05:00.0: [10ec:8125] type 00 class 0x020000
[    0.397085] pci 0000:05:00.0: reg 0x10: [io  0xf000-0xf0ff]
[    0.397117] pci 0000:05:00.0: reg 0x18: [mem 0xf5d00000-0xf5d0ffff 64bit]
[    0.397136] pci 0000:05:00.0: reg 0x20: [mem 0xf5d10000-0xf5d13fff 64bit]
[    0.397277] pci 0000:05:00.0: supports D1 D2
[    0.397279] pci 0000:05:00.0: PME# supported from D0 D1 D2 D3hot D3cold
[    0.397474] pci 0000:03:01.0: PCI bridge to [bus 05]
[    0.397480] pci 0000:03:01.0:   bridge window [io  0xf000-0xffff]
[    0.397483] pci 0000:03:01.0:   bridge window [mem 0xf5d00000-0xf5dfffff]
[    0.397519] pci 0000:03:04.0: PCI bridge to [bus 06]
[    0.397593] pci 0000:07:00.0: [1e4b:1001] type 00 class 0x010802
[    0.397608] pci 0000:07:00.0: reg 0x10: [mem 0xf6000000-0xf6003fff 64bit]
[    0.397688] pci 0000:07:00.0: PME# supported from D0 D3hot
[    0.397763] pci 0000:00:02.2: PCI bridge to [bus 07]
[    0.397768] pci 0000:00:02.2:   bridge window [mem 0xf6000000-0xf60fffff]
[    0.397824] pci 0000:08:00.0: [1002:1638] type 00 class 0x030000
[    0.397835] pci 0000:08:00.0: reg 0x10: [mem 0x7850000000-0x785fffffff 64bit pref]
[    0.397842] pci 0000:08:00.0: reg 0x18: [mem 0x7860000000-0x78601fffff 64bit pref]
[    0.397848] pci 0000:08:00.0: reg 0x20: [io  0xe000-0xe0ff]
[    0.397853] pci 0000:08:00.0: reg 0x24: [mem 0xf5c00000-0xf5c7ffff]
[    0.397861] pci 0000:08:00.0: enabling Extended Tags
[    0.397907] pci 0000:08:00.0: PME# supported from D1 D2 D3hot D3cold
[    0.397935] pci 0000:08:00.0: 126.016 Gb/s available PCIe bandwidth, limited by 8.0 GT/s PCIe x16 link at 0000:00:08.1 (capable of 252.048 Gb/s with 16.0 GT/s PCIe x16 link)
[    0.397990] pci 0000:08:00.1: [1002:1637] type 00 class 0x040300
[    0.397998] pci 0000:08:00.1: reg 0x10: [mem 0xf5c88000-0xf5c8bfff]
[    0.398018] pci 0000:08:00.1: enabling Extended Tags
[    0.398045] pci 0000:08:00.1: PME# supported from D1 D2 D3hot D3cold
[    0.398111] pci 0000:08:00.2: [1022:15df] type 00 class 0x108000
[    0.398125] pci 0000:08:00.2: reg 0x18: [mem 0xf5b00000-0xf5bfffff]
[    0.398134] pci 0000:08:00.2: reg 0x24: [mem 0xf5c8c000-0xf5c8dfff]
[    0.398141] pci 0000:08:00.2: enabling Extended Tags
[    0.398215] pci 0000:08:00.3: [1022:1639] type 00 class 0x0c0330
[    0.398226] pci 0000:08:00.3: reg 0x10: [mem 0xf5a00000-0xf5afffff 64bit]
[    0.398249] pci 0000:08:00.3: enabling Extended Tags
[    0.398279] pci 0000:08:00.3: PME# supported from D0 D3hot D3cold
[    0.398340] pci 0000:08:00.4: [1022:1639] type 00 class 0x0c0330
[    0.398351] pci 0000:08:00.4: reg 0x10: [mem 0xf5900000-0xf59fffff 64bit]
[    0.398374] pci 0000:08:00.4: enabling Extended Tags
[    0.398404] pci 0000:08:00.4: PME# supported from D0 D3hot D3cold
[    0.398460] pci 0000:08:00.6: [1022:15e3] type 00 class 0x040300
[    0.398467] pci 0000:08:00.6: reg 0x10: [mem 0xf5c80000-0xf5c87fff]
[    0.398487] pci 0000:08:00.6: enabling Extended Tags
[    0.398514] pci 0000:08:00.6: PME# supported from D0 D3hot D3cold
[    0.398588] pci 0000:00:08.1: PCI bridge to [bus 08]
[    0.398591] pci 0000:00:08.1:   bridge window [io  0xe000-0xefff]
[    0.398594] pci 0000:00:08.1:   bridge window [mem 0xf5900000-0xf5cfffff]
[    0.398597] pci 0000:00:08.1:   bridge window [mem 0x7850000000-0x78601fffff 64bit pref]
[    0.398632] pci 0000:09:00.0: [1022:7901] type 00 class 0x010601
[    0.398659] pci 0000:09:00.0: reg 0x24: [mem 0xf5f00000-0xf5f007ff]
[    0.398667] pci 0000:09:00.0: enabling Extended Tags
[    0.398727] pci 0000:09:00.0: 126.016 Gb/s available PCIe bandwidth, limited by 8.0 GT/s PCIe x16 link at 0000:00:08.2 (capable of 252.048 Gb/s with 16.0 GT/s PCIe x16 link)
[    0.398776] pci 0000:00:08.2: PCI bridge to [bus 09]
[    0.398780] pci 0000:00:08.2:   bridge window [mem 0xf5f00000-0xf5ffffff]
[    0.399102] ACPI: PCI Interrupt Link [LNKA] (IRQs 4 5 7 10 11 14 15) *0
[    0.399131] ACPI: PCI Interrupt Link [LNKB] (IRQs 4 5 7 10 11 14 15) *0
[    0.399156] ACPI: PCI Interrupt Link [LNKC] (IRQs 4 5 7 10 11 14 15) *0
[    0.399186] ACPI: PCI Interrupt Link [LNKD] (IRQs 4 5 7 10 11 14 15) *0
[    0.399213] ACPI: PCI Interrupt Link [LNKE] (IRQs 4 5 7 10 11 14 15) *0
[    0.399236] ACPI: PCI Interrupt Link [LNKF] (IRQs 4 5 7 10 11 14 15) *0
[    0.399258] ACPI: PCI Interrupt Link [LNKG] (IRQs 4 5 7 10 11 14 15) *0
[    0.399280] ACPI: PCI Interrupt Link [LNKH] (IRQs 4 5 7 10 11 14 15) *0
[    0.399978] iommu: Default domain type: Passthrough 
[    0.399995] pci 0000:08:00.0: vgaarb: VGA device added: decodes=io+mem,owns=none,locks=none
[    0.399995] pci 0000:08:00.0: vgaarb: bridge control possible
[    0.399995] pci 0000:08:00.0: vgaarb: setting as boot device (VGA legacy resources not available)
[    0.399995] vgaarb: loaded
[    0.400068] SCSI subsystem initialized
[    0.400086] ACPI: bus type USB registered
[    0.400098] usbcore: registered new interface driver usbfs
[    0.400102] usbcore: registered new interface driver hub
[    0.400108] usbcore: registered new device driver usb
[    0.400124] pps_core: LinuxPPS API ver. 1 registered
[    0.400125] pps_core: Software ver. 5.3.6 - Copyright 2005-2007 Rodolfo Giometti <giometti@linux.it>
[    0.400127] PTP clock support registered
[    0.400137] EDAC MC: Ver: 3.0.0
[    0.400137] Registered efivars operations
[    0.400163] NetLabel: Initializing
[    0.400165] NetLabel:  domain hash size = 128
[    0.400166] NetLabel:  protocols = UNLABELED CIPSOv4 CALIPSO
[    0.400176] NetLabel:  unlabeled traffic allowed by default
[    0.400177] PCI: Using ACPI for IRQ routing
[    0.402144] PCI: pci_cache_line_size set to 64 bytes
[    0.402200] e820: reserve RAM buffer [mem 0x09bff000-0x0bffffff]
[    0.402201] e820: reserve RAM buffer [mem 0x0a200000-0x0bffffff]
[    0.402201] e820: reserve RAM buffer [mem 0x0b000000-0x0bffffff]
[    0.402202] e820: reserve RAM buffer [mem 0x3404e000-0x37ffffff]
[    0.402202] e820: reserve RAM buffer [mem 0x340ab000-0x37ffffff]
[    0.402203] e820: reserve RAM buffer [mem 0x3b0ac000-0x3bffffff]
[    0.402203] e820: reserve RAM buffer [mem 0x7ffff000-0x7fffffff]
[    0.402203] e820: reserve RAM buffer [mem 0xba9ef018-0xbbffffff]
[    0.402204] e820: reserve RAM buffer [mem 0xba9fd018-0xbbffffff]
[    0.402204] e820: reserve RAM buffer [mem 0xc2918000-0xc3ffffff]
[    0.402204] e820: reserve RAM buffer [mem 0xc3d59000-0xc3ffffff]
[    0.402205] e820: reserve RAM buffer [mem 0x1fae300000-0x1fafffffff]
[    0.402207] hpet0: at MMIO 0xfed00000, IRQs 2, 8, 0
[    0.402207] hpet0: 3 comparators, 32-bit 14.318180 MHz counter
[    0.403982] clocksource: Switched to clocksource tsc-early
[    0.414870] VFS: Disk quotas dquot_6.6.0
[    0.414888] VFS: Dquot-cache hash table entries: 512 (order 0, 4096 bytes)
[    0.414941] pnp: PnP ACPI init
[    0.415017] system 00:00: [mem 0xf8000000-0xfbffffff] has been reserved
[    0.415022] system 00:00: Plug and Play ACPI device, IDs PNP0c01 (active)
[    0.415047] system 00:01: [mem 0x1fb0000000-0x202fffffff window] has been reserved
[    0.415049] system 00:01: Plug and Play ACPI device, IDs PNP0c02 (active)
[    0.415095] pnp 00:02: Plug and Play ACPI device, IDs PNP0b00 (active)
[    0.415169] system 00:03: [io  0x0300-0x030f] has been reserved
[    0.415172] system 00:03: [io  0x0230-0x023f] has been reserved
[    0.415173] system 00:03: [io  0x0290-0x029f] has been reserved
[    0.415175] system 00:03: Plug and Play ACPI device, IDs PNP0c02 (active)
[    0.415331] pnp 00:04: [dma 0 disabled]
[    0.415352] pnp 00:04: Plug and Play ACPI device, IDs PNP0501 (active)
[    0.415441] system 00:05: [io  0x04d0-0x04d1] has been reserved
[    0.415442] system 00:05: [io  0x040b] has been reserved
[    0.415444] system 00:05: [io  0x04d6] has been reserved
[    0.415445] system 00:05: [io  0x0c00-0x0c01] has been reserved
[    0.415446] system 00:05: [io  0x0c14] has been reserved
[    0.415447] system 00:05: [io  0x0c50-0x0c51] has been reserved
[    0.415448] system 00:05: [io  0x0c52] has been reserved
[    0.415450] system 00:05: [io  0x0c6c] has been reserved
[    0.415451] system 00:05: [io  0x0c6f] has been reserved
[    0.415452] system 00:05: [io  0x0cd8-0x0cdf] has been reserved
[    0.415453] system 00:05: [io  0x0800-0x089f] has been reserved
[    0.415454] system 00:05: [io  0x0b00-0x0b0f] has been reserved
[    0.415455] system 00:05: [io  0x0b20-0x0b3f] has been reserved
[    0.415456] system 00:05: [io  0x0900-0x090f] has been reserved
[    0.415457] system 00:05: [io  0x0910-0x091f] has been reserved
[    0.415459] system 00:05: [mem 0xfec00000-0xfec00fff] could not be reserved
[    0.415461] system 00:05: [mem 0xfec01000-0xfec01fff] could not be reserved
[    0.415462] system 00:05: [mem 0xfedc0000-0xfedc0fff] has been reserved
[    0.415463] system 00:05: [mem 0xfee00000-0xfee00fff] has been reserved
[    0.415465] system 00:05: [mem 0xfed80000-0xfed8ffff] could not be reserved
[    0.415466] system 00:05: [mem 0xfec10000-0xfec10fff] has been reserved
[    0.415467] system 00:05: [mem 0xff000000-0xffffffff] has been reserved
[    0.415470] system 00:05: Plug and Play ACPI device, IDs PNP0c02 (active)
[    0.415761] pnp: PnP ACPI: found 6 devices
[    0.421368] clocksource: acpi_pm: mask: 0xffffff max_cycles: 0xffffff, max_idle_ns: 2085701024 ns
[    0.421457] NET: Registered protocol family 2
[    0.421656] IP idents hash table entries: 262144 (order: 9, 2097152 bytes, linear)
[    0.422823] tcp_listen_portaddr_hash hash table entries: 65536 (order: 8, 1048576 bytes, linear)
[    0.422923] TCP established hash table entries: 524288 (order: 10, 4194304 bytes, linear)
[    0.423299] TCP bind hash table entries: 65536 (order: 8, 1048576 bytes, linear)
[    0.423393] TCP: Hash tables configured (established 524288 bind 65536)
[    0.423452] UDP hash table entries: 65536 (order: 9, 2097152 bytes, linear)
[    0.423648] UDP-Lite hash table entries: 65536 (order: 9, 2097152 bytes, linear)
[    0.423928] NET: Registered protocol family 1
[    0.423932] NET: Registered protocol family 44
[    0.423941] pci 0000:00:01.1: PCI bridge to [bus 01]
[    0.423944] pci 0000:00:01.1:   bridge window [mem 0xf4000000-0xf57fffff]
[    0.423947] pci 0000:00:01.1:   bridge window [mem 0x6000000000-0x7841ffffff 64bit pref]
[    0.423950] pci 0000:03:00.0: PCI bridge to [bus 04]
[    0.423965] pci 0000:03:01.0: PCI bridge to [bus 05]
[    0.423970] pci 0000:03:01.0:   bridge window [io  0xf000-0xffff]
[    0.423974] pci 0000:03:01.0:   bridge window [mem 0xf5d00000-0xf5dfffff]
[    0.423981] pci 0000:03:04.0: PCI bridge to [bus 06]
[    0.423990] pci 0000:02:00.2: PCI bridge to [bus 03-06]
[    0.423992] pci 0000:02:00.2:   bridge window [io  0xf000-0xffff]
[    0.423996] pci 0000:02:00.2:   bridge window [mem 0xf5d00000-0xf5dfffff]
[    0.424003] pci 0000:00:02.1: PCI bridge to [bus 02-06]
[    0.424004] pci 0000:00:02.1:   bridge window [io  0xf000-0xffff]
[    0.424007] pci 0000:00:02.1:   bridge window [mem 0xf5d00000-0xf5efffff]
[    0.424011] pci 0000:00:02.2: PCI bridge to [bus 07]
[    0.424013] pci 0000:00:02.2:   bridge window [mem 0xf6000000-0xf60fffff]
[    0.424018] pci 0000:00:08.1: PCI bridge to [bus 08]
[    0.424019] pci 0000:00:08.1:   bridge window [io  0xe000-0xefff]
[    0.424022] pci 0000:00:08.1:   bridge window [mem 0xf5900000-0xf5cfffff]
[    0.424024] pci 0000:00:08.1:   bridge window [mem 0x7850000000-0x78601fffff 64bit pref]
[    0.424027] pci 0000:00:08.2: PCI bridge to [bus 09]
[    0.424030] pci 0000:00:08.2:   bridge window [mem 0xf5f00000-0xf5ffffff]
[    0.424034] pci_bus 0000:00: resource 4 [io  0x0000-0x03af window]
[    0.424036] pci_bus 0000:00: resource 5 [io  0x03e0-0x0cf7 window]
[    0.424037] pci_bus 0000:00: resource 6 [io  0x03b0-0x03df window]
[    0.424038] pci_bus 0000:00: resource 7 [io  0x0d00-0xffff window]
[    0.424039] pci_bus 0000:00: resource 8 [mem 0x000a0000-0x000bffff window]
[    0.424040] pci_bus 0000:00: resource 9 [mem 0x000c0000-0x000dffff window]
[    0.424041] pci_bus 0000:00: resource 10 [mem 0xd0000000-0xf6ffffff window]
[    0.424043] pci_bus 0000:00: resource 11 [mem 0x2030000000-0x7fffffffff window]
[    0.424044] pci_bus 0000:01: resource 1 [mem 0xf4000000-0xf57fffff]
[    0.424045] pci_bus 0000:01: resource 2 [mem 0x6000000000-0x7841ffffff 64bit pref]
[    0.424046] pci_bus 0000:02: resource 0 [io  0xf000-0xffff]
[    0.424047] pci_bus 0000:02: resource 1 [mem 0xf5d00000-0xf5efffff]
[    0.424048] pci_bus 0000:03: resource 0 [io  0xf000-0xffff]
[    0.424050] pci_bus 0000:03: resource 1 [mem 0xf5d00000-0xf5dfffff]
[    0.424051] pci_bus 0000:05: resource 0 [io  0xf000-0xffff]
[    0.424052] pci_bus 0000:05: resource 1 [mem 0xf5d00000-0xf5dfffff]
[    0.424053] pci_bus 0000:07: resource 1 [mem 0xf6000000-0xf60fffff]
[    0.424054] pci_bus 0000:08: resource 0 [io  0xe000-0xefff]
[    0.424055] pci_bus 0000:08: resource 1 [mem 0xf5900000-0xf5cfffff]
[    0.424056] pci_bus 0000:08: resource 2 [mem 0x7850000000-0x78601fffff 64bit pref]
[    0.424058] pci_bus 0000:09: resource 1 [mem 0xf5f00000-0xf5ffffff]
[    0.424239] pci 0000:08:00.1: D0 power state depends on 0000:08:00.0
[    0.424245] pci 0000:08:00.3: extending delay after power-on from D3hot to 20 msec
[    0.424337] pci 0000:08:00.4: extending delay after power-on from D3hot to 20 msec
[    0.424382] PCI: CLS 64 bytes, default 64
[    0.424404] Trying to unpack rootfs image as initramfs...
[    0.610177] Freeing initrd memory: 27340K
[    0.610188] pci 0000:00:00.2: AMD-Vi: IOMMU performance counters supported
[    0.610235] pci 0000:00:00.2: can't derive routing for PCI INT A
[    0.610237] pci 0000:00:00.2: PCI INT A: not connected
[    0.610253] pci 0000:00:01.0: Adding to iommu group 0
[    0.610260] pci 0000:00:01.1: Adding to iommu group 1
[    0.610268] pci 0000:00:02.0: Adding to iommu group 2
[    0.610281] pci 0000:00:02.1: Adding to iommu group 3
[    0.610288] pci 0000:00:02.2: Adding to iommu group 4
[    0.610297] pci 0000:00:08.0: Adding to iommu group 5
[    0.610302] pci 0000:00:08.1: Adding to iommu group 5
[    0.610307] pci 0000:00:08.2: Adding to iommu group 5
[    0.610322] pci 0000:00:14.0: Adding to iommu group 6
[    0.610327] pci 0000:00:14.3: Adding to iommu group 6
[    0.610343] pci 0000:00:18.0: Adding to iommu group 7
[    0.610348] pci 0000:00:18.1: Adding to iommu group 7
[    0.610353] pci 0000:00:18.2: Adding to iommu group 7
[    0.610358] pci 0000:00:18.3: Adding to iommu group 7
[    0.610369] pci 0000:00:18.4: Adding to iommu group 7
[    0.610375] pci 0000:00:18.5: Adding to iommu group 7
[    0.610380] pci 0000:00:18.6: Adding to iommu group 7
[    0.610385] pci 0000:00:18.7: Adding to iommu group 7
[    0.610392] pci 0000:01:00.0: Adding to iommu group 8
[    0.610403] pci 0000:02:00.0: Adding to iommu group 9
[    0.610415] pci 0000:02:00.1: Adding to iommu group 9
[    0.610421] pci 0000:02:00.2: Adding to iommu group 9
[    0.610424] pci 0000:03:00.0: Adding to iommu group 9
[    0.610428] pci 0000:03:01.0: Adding to iommu group 9
[    0.610431] pci 0000:03:04.0: Adding to iommu group 9
[    0.610441] pci 0000:05:00.0: Adding to iommu group 9
[    0.610447] pci 0000:07:00.0: Adding to iommu group 10
[    0.610466] pci 0000:08:00.0: Adding to iommu group 5
[    0.610470] pci 0000:08:00.1: Adding to iommu group 5
[    0.610473] pci 0000:08:00.2: Adding to iommu group 5
[    0.610476] pci 0000:08:00.3: Adding to iommu group 5
[    0.610481] pci 0000:08:00.4: Adding to iommu group 5
[    0.610484] pci 0000:08:00.6: Adding to iommu group 5
[    0.610488] pci 0000:09:00.0: Adding to iommu group 5
[    0.610806] pci 0000:00:00.2: AMD-Vi: Found IOMMU cap 0x40
[    0.610807] AMD-Vi: Extended features (0x206d73ef22254ade): PPR X2APIC NX GT IA GA PC GA_vAPIC
[    0.610812] AMD-Vi: Interrupt remapping enabled
[    0.610813] AMD-Vi: Virtual APIC enabled
[    0.610814] AMD-Vi: X2APIC enabled
[    0.676743] AMD-Vi: Lazy IO/TLB flushing enabled
[    0.676748] PCI-DMA: Using software bounce buffering for IO (SWIOTLB)
[    0.676750] software IO TLB: mapped [mem 0x00000000bbfc6000-0x00000000bffc6000] (64MB)
[    0.676800] LVT offset 0 assigned for vector 0x400
[    0.677211] perf: AMD IBS detected (0x000003ff)
[    0.677219] amd_uncore: 4  amd_df counters detected
[    0.677225] amd_uncore: 6  amd_l3 counters detected
[    0.677743] perf/amd_iommu: Detected AMD IOMMU #0 (2 banks, 4 counters/bank).
[    0.680610] Initialise system trusted keyrings
[    0.680644] Key type blacklist registered
[    0.680686] workingset: timestamp_bits=36 max_order=25 bucket_order=0
[    0.681897] zbud: loaded
[    0.682225] integrity: Platform Keyring initialized
[    0.684669] NET: Registered protocol family 38
[    0.684671] Key type asymmetric registered
[    0.684672] Asymmetric key parser 'x509' registered
[    0.684673] Asymmetric key parser 'pgp' registered
[    0.684678] Block layer SCSI generic (bsg) driver version 0.4 loaded (major 247)
[    0.684725] io scheduler mq-deadline registered
[    0.684726] io scheduler kyber registered
[    0.684766] io scheduler bfq registered
[    0.685149] pcieport 0000:00:01.1: PME: Signaling with IRQ 26
[    0.685232] pcieport 0000:00:02.1: PME: Signaling with IRQ 27
[    0.685313] pcieport 0000:00:02.2: PME: Signaling with IRQ 28
[    0.685399] pcieport 0000:00:08.1: PME: Signaling with IRQ 29
[    0.685511] pcieport 0000:00:08.2: PME: Signaling with IRQ 30
[    0.686043] shpchp: Standard Hot Plug PCI Controller Driver version: 0.4
[    0.686138] input: Power Button as /devices/LNXSYSTM:00/LNXSYBUS:00/PNP0C0C:00/input/input0
[    0.686159] ACPI: Power Button [PWRB]
[    0.686179] input: Power Button as /devices/LNXSYSTM:00/LNXPWRBN:00/input/input1
[    0.686198] ACPI: Power Button [PWRF]
[    0.686249] Monitor-Mwait will be used to enter C-1 state
[    0.686253] ACPI: \_PR_.C000: Found 3 idle states
[    0.686344] ACPI: \_PR_.C002: Found 3 idle states
[    0.686536] ACPI: \_PR_.C004: Found 3 idle states
[    0.686818] ACPI: \_PR_.C006: Found 3 idle states
[    0.686945] ACPI: \_PR_.C008: Found 3 idle states
[    0.687157] ACPI: \_PR_.C00A: Found 3 idle states
[    0.687344] ACPI: \_PR_.C001: Found 3 idle states
[    0.687434] ACPI: \_PR_.C003: Found 3 idle states
[    0.687598] ACPI: \_PR_.C005: Found 3 idle states
[    0.687720] ACPI: \_PR_.C007: Found 3 idle states
[    0.687858] ACPI: \_PR_.C009: Found 3 idle states
[    0.688048] ACPI: \_PR_.C00B: Found 3 idle states
[    0.688333] Serial: 8250/16550 driver, 4 ports, IRQ sharing enabled
[    0.688405] 00:04: ttyS0 at I/O 0x3f8 (irq = 4, base_baud = 115200) is a 16550A
[    0.688739] Non-volatile memory driver v1.3
[    0.689514] rdac: device handler registered
[    0.689574] hp_sw: device handler registered
[    0.689575] emc: device handler registered
[    0.689626] alua: device handler registered
[    0.689772] ehci_hcd: USB 2.0 'Enhanced' Host Controller (EHCI) Driver
[    0.689775] ehci-pci: EHCI PCI platform driver
[    0.689781] ohci_hcd: USB 1.1 'Open' Host Controller (OHCI) Driver
[    0.689783] ohci-pci: OHCI PCI platform driver
[    0.689794] uhci_hcd: USB Universal Host Controller Interface driver
[    0.689918] xhci_hcd 0000:02:00.0: xHCI Host Controller
[    0.689938] xhci_hcd 0000:02:00.0: new USB bus registered, assigned bus number 1
[    0.745245] xhci_hcd 0000:02:00.0: hcc params 0x0200ef81 hci version 0x110 quirks 0x0000000000000410
[    0.745706] usb usb1: New USB device found, idVendor=1d6b, idProduct=0002, bcdDevice= 5.10
[    0.745713] usb usb1: New USB device strings: Mfr=3, Product=2, SerialNumber=1
[    0.745716] usb usb1: Product: xHCI Host Controller
[    0.745718] usb usb1: Manufacturer: Linux 5.10.0-136.12.0.86.oe2203sp1.x86_64 xhci-hcd
[    0.745719] usb usb1: SerialNumber: 0000:02:00.0
[    0.745883] hub 1-0:1.0: USB hub found
[    0.745917] hub 1-0:1.0: 10 ports detected
[    0.748807] xhci_hcd 0000:02:00.0: xHCI Host Controller
[    0.748844] xhci_hcd 0000:02:00.0: new USB bus registered, assigned bus number 2
[    0.748848] xhci_hcd 0000:02:00.0: Host supports USB 3.1 Enhanced SuperSpeed
[    0.748921] usb usb2: We don't know the algorithms for LPM for this host, disabling LPM.
[    0.749030] usb usb2: New USB device found, idVendor=1d6b, idProduct=0003, bcdDevice= 5.10
[    0.749035] usb usb2: New USB device strings: Mfr=3, Product=2, SerialNumber=1
[    0.749037] usb usb2: Product: xHCI Host Controller
[    0.749039] usb usb2: Manufacturer: Linux 5.10.0-136.12.0.86.oe2203sp1.x86_64 xhci-hcd
[    0.749041] usb usb2: SerialNumber: 0000:02:00.0
[    0.749211] hub 2-0:1.0: USB hub found
[    0.749261] hub 2-0:1.0: 4 ports detected
[    0.750625] xhci_hcd 0000:08:00.3: xHCI Host Controller
[    0.750665] xhci_hcd 0000:08:00.3: new USB bus registered, assigned bus number 3
[    0.750752] xhci_hcd 0000:08:00.3: hcc params 0x0268ffe5 hci version 0x110 quirks 0x0000000000000410
[    0.751222] usb usb3: New USB device found, idVendor=1d6b, idProduct=0002, bcdDevice= 5.10
[    0.751229] usb usb3: New USB device strings: Mfr=3, Product=2, SerialNumber=1
[    0.751231] usb usb3: Product: xHCI Host Controller
[    0.751233] usb usb3: Manufacturer: Linux 5.10.0-136.12.0.86.oe2203sp1.x86_64 xhci-hcd
[    0.751234] usb usb3: SerialNumber: 0000:08:00.3
[    0.751394] hub 3-0:1.0: USB hub found
[    0.751420] hub 3-0:1.0: 4 ports detected
[    0.751698] xhci_hcd 0000:08:00.3: xHCI Host Controller
[    0.751752] xhci_hcd 0000:08:00.3: new USB bus registered, assigned bus number 4
[    0.751757] xhci_hcd 0000:08:00.3: Host supports USB 3.1 Enhanced SuperSpeed
[    0.751781] usb usb4: We don't know the algorithms for LPM for this host, disabling LPM.
[    0.751863] usb usb4: New USB device found, idVendor=1d6b, idProduct=0003, bcdDevice= 5.10
[    0.751865] usb usb4: New USB device strings: Mfr=3, Product=2, SerialNumber=1
[    0.751867] usb usb4: Product: xHCI Host Controller
[    0.751869] usb usb4: Manufacturer: Linux 5.10.0-136.12.0.86.oe2203sp1.x86_64 xhci-hcd
[    0.751870] usb usb4: SerialNumber: 0000:08:00.3
[    0.751986] hub 4-0:1.0: USB hub found
[    0.752005] hub 4-0:1.0: 2 ports detected
[    0.752318] xhci_hcd 0000:08:00.4: xHCI Host Controller
[    0.752356] xhci_hcd 0000:08:00.4: new USB bus registered, assigned bus number 5
[    0.752441] xhci_hcd 0000:08:00.4: hcc params 0x0268ffe5 hci version 0x110 quirks 0x0000000000000410
[    0.752888] usb usb5: New USB device found, idVendor=1d6b, idProduct=0002, bcdDevice= 5.10
[    0.752891] usb usb5: New USB device strings: Mfr=3, Product=2, SerialNumber=1
[    0.752893] usb usb5: Product: xHCI Host Controller
[    0.752894] usb usb5: Manufacturer: Linux 5.10.0-136.12.0.86.oe2203sp1.x86_64 xhci-hcd
[    0.752895] usb usb5: SerialNumber: 0000:08:00.4
[    0.753035] hub 5-0:1.0: USB hub found
[    0.753056] hub 5-0:1.0: 4 ports detected
[    0.753302] xhci_hcd 0000:08:00.4: xHCI Host Controller
[    0.753348] xhci_hcd 0000:08:00.4: new USB bus registered, assigned bus number 6
[    0.753351] xhci_hcd 0000:08:00.4: Host supports USB 3.1 Enhanced SuperSpeed
[    0.753371] usb usb6: We don't know the algorithms for LPM for this host, disabling LPM.
[    0.753441] usb usb6: New USB device found, idVendor=1d6b, idProduct=0003, bcdDevice= 5.10
[    0.753448] usb usb6: New USB device strings: Mfr=3, Product=2, SerialNumber=1
[    0.753450] usb usb6: Product: xHCI Host Controller
[    0.753452] usb usb6: Manufacturer: Linux 5.10.0-136.12.0.86.oe2203sp1.x86_64 xhci-hcd
[    0.753454] usb usb6: SerialNumber: 0000:08:00.4
[    0.753563] hub 6-0:1.0: USB hub found
[    0.753579] hub 6-0:1.0: 2 ports detected
[    0.753762] i8042: PNP: No PS/2 controller found.
[    0.753828] mousedev: PS/2 mouse device common for all mice
[    0.753906] rtc_cmos 00:02: RTC can wake from S4
[    0.754135] rtc_cmos 00:02: registered as rtc0
[    0.754200] rtc_cmos 00:02: setting system clock to 2023-06-15T10:24:24 UTC (1686824664)
[    0.754230] rtc_cmos 00:02: alarms up to one month, y3k, 114 bytes nvram, hpet irqs
[    0.754495] hid: raw HID events driver (C) Jiri Kosina
[    0.754537] usbcore: registered new interface driver usbhid
[    0.754538] usbhid: USB HID core driver
[    0.754566] drop_monitor: Initializing network drop monitor service
[    0.754610] Initializing XFRM netlink socket
[    0.754745] NET: Registered protocol family 10
[    0.755043] Segment Routing with IPv6
[    0.755059] NET: Registered protocol family 17
[    0.755105] mpls_gso: MPLS GSO support
[    0.756006] microcode: CPU0: patch_level=0x0a50000c
[    0.756018] microcode: CPU1: patch_level=0x0a50000c
[    0.756025] microcode: CPU2: patch_level=0x0a50000c
[    0.756032] microcode: CPU3: patch_level=0x0a50000c
[    0.756039] microcode: CPU4: patch_level=0x0a50000c
[    0.756048] microcode: CPU5: patch_level=0x0a50000c
[    0.756072] microcode: CPU6: patch_level=0x0a50000c
[    0.756080] microcode: CPU7: patch_level=0x0a50000c
[    0.756087] microcode: CPU8: patch_level=0x0a50000c
[    0.756093] microcode: CPU9: patch_level=0x0a50000c
[    0.756118] microcode: CPU10: patch_level=0x0a50000c
[    0.756126] microcode: CPU11: patch_level=0x0a50000c
[    0.756154] microcode: Microcode Update Driver: v2.2.
[    0.756308] resctrl: L3 allocation detected
[    0.756311] resctrl: L3DATA allocation detected
[    0.756312] resctrl: L3CODE allocation detected
[    0.756313] resctrl: MB allocation detected
[    0.756314] resctrl: L3 monitoring detected
[    0.756318] IPI shorthand broadcast: enabled
[    0.756333] AVX2 version of gcm_enc/dec engaged.
[    0.756334] AES CTR mode by8 optimization enabled
[    0.768564] sched_clock: Marking stable (768066697, 488618)->(924053207, -155497892)
[    0.768711] registered taskstats version 1
[    0.768870] Loading compiled-in X.509 certificates
[    0.783720] Loaded X.509 cert 'openEuler kernel signing key: ab1cb09b747429cebecf76d558bb0fc992c91290'
[    0.783726] Load PGP public keys
[    0.783744] Loaded PGP key 'openeuler <openeuler@compass-ci.com> fb37bc6f'
[    0.783773] Loaded PGP key 'private OBS b25e7f66'
[    0.784052] zswap: loaded using pool lzo/zbud
[    0.786366] Key type encrypted registered
[    0.786436] integrity: Loading X.509 certificate: UEFI:db
[    0.786579] integrity: Loaded X.509 cert 'ASUSTeK MotherBoard SW Key Certificate: da83b990422ebc8c441f8d8b039a65a2'
[    0.786581] integrity: Loading X.509 certificate: UEFI:db
[    0.786719] integrity: Loaded X.509 cert 'ASUSTeK Notebook SW Key Certificate: b8e581e4df77a5bb4282d5ccfc00c071'
[    0.786721] integrity: Loading X.509 certificate: UEFI:db
[    0.786737] integrity: Loaded X.509 cert 'Microsoft Corporation UEFI CA 2011: 13adbf4309bd82709c8cd54f316ed522988a1bd4'
[    0.786739] integrity: Loading X.509 certificate: UEFI:db
[    0.786758] integrity: Loaded X.509 cert 'Microsoft Windows Production PCA 2011: a92902398e16c49778cd90f99e4f9ae17c55af53'
[    0.786760] integrity: Loading X.509 certificate: UEFI:db
[    0.786902] integrity: Loaded X.509 cert 'Canonical Ltd. Master Certificate Authority: ad91990bc22ab1f517048c23b6655a268e345a63'
[    0.790500] ima: No TPM chip found, activating TPM-bypass!
[    0.790521] ima: Allocated hash algorithm: sha256
[    0.790528] ima: No architecture policies found
[    0.790542] evm: Initialising EVM extended attributes:
[    0.790544] evm: security.selinux
[    0.790544] evm: security.apparmor
[    0.790545] evm: security.ima
[    0.790546] evm: security.capability
[    0.790547] evm: HMAC attrs: 0x1
[    0.791148] NMI watchdog: Enabled. Permanently consumes one hw-PMU counter.
[    0.791410] integrity: Unable to open file: /etc/keys/x509_ima.der (-2)
[    0.791412] integrity: Unable to open file: /etc/keys/x509_evm.der (-2)
[    0.792048] Freeing unused decrypted memory: 2036K
[    0.792357] Freeing unused kernel image (initmem) memory: 2748K
[    0.803991] Write protecting the kernel read-only data: 24576k
[    0.804351] Freeing unused kernel image (text/rodata gap) memory: 2036K
[    0.804567] Freeing unused kernel image (rodata/data gap) memory: 392K
[    0.804618] Run /init as init process
[    0.804623]   with arguments:
[    0.804624]     /init
[    0.804625]   with environment:
[    0.804625]     HOME=/
[    0.804626]     TERM=linux
[    0.804626]     BOOT_IMAGE=/vmlinuz-5.10.0-136.12.0.86.oe2203sp1.x86_64
[    0.804627]     crashkernel=512M
[    0.815775] systemd[1]: systemd v249-43.oe2203sp1 running in system mode (+PAM +AUDIT +SELINUX -APPARMOR +IMA -SMACK +SECCOMP +GCRYPT +GNUTLS -OPENSSL +ACL +BLKID -CURL -ELFUTILS -FIDO2 +IDN2 -IDN -IPTC +KMOD -LIBCRYPTSETUP +LIBFDISK +PCRE2 -PWQUALITY +P11KIT -QRENCODE +BZIP2 +LZ4 +XZ +ZLIB -ZSTD +XKBCOMMON +UTMP +SYSVINIT default-hierarchy=legacy)
[    0.816041] systemd[1]: Detected architecture x86-64.
[    0.816046] systemd[1]: Running in initial RAM disk.
[    0.839461] systemd[1]: No hostname configured, using default hostname.
[    0.839508] systemd[1]: Hostname set to <localhost>.
[    0.876838] systemd[1]: Queued start job for default target Initrd Default Target.
[    0.877031] systemd[1]: Started Dispatch Password Requests to Console Directory Watch.
[    0.877162] systemd[1]: Reached target Local File Systems.
[    0.877185] systemd[1]: Reached target Path Units.
[    0.877211] systemd[1]: Reached target Slice Units.
[    0.877231] systemd[1]: Reached target Swaps.
[    0.877251] systemd[1]: Reached target Timer Units.
[    0.877364] systemd[1]: Listening on Journal Socket (/dev/log).
[    0.877452] systemd[1]: Listening on Journal Socket.
[    0.877549] systemd[1]: Listening on udev Control Socket.
[    0.877624] systemd[1]: Listening on udev Kernel Socket.
[    0.877647] systemd[1]: Reached target Socket Units.
[    0.885201] systemd[1]: Starting Create List of Static Device Nodes...
[    0.885946] systemd[1]: Started Hardware RNG Entropy Gatherer Daemon.
[    0.886326] systemd[1]: systemd-journald.service: unit configures an IP firewall, but the local system does not support BPF/cgroup firewalling.
[    0.886335] systemd[1]: (This warning is only shown for the first unit using IP firewalling.)
[    0.887172] systemd[1]: Starting Journal Service...
[    0.887317] systemd[1]: Condition check resulted in Load Kernel Modules being skipped.
[    0.888443] systemd[1]: Starting Apply Kernel Variables...
[    0.890269] systemd[1]: Starting Setup Virtual Console...
[    0.891181] systemd[1]: Finished Create List of Static Device Nodes.
[    0.891590] random: rngd: uninitialized urandom read (16 bytes read)
[    0.891881] systemd[1]: Starting Create Static Device Nodes in /dev...
[    0.894104] systemd[1]: Finished Apply Kernel Variables.
[    0.896175] systemd[1]: Finished Create Static Device Nodes in /dev.
[    0.928525] systemd[1]: Finished Setup Virtual Console.
[    0.928682] systemd[1]: Condition check resulted in dracut ask for additional cmdline parameters being skipped.
[    0.929538] systemd[1]: Starting dracut cmdline hook...
[    0.931910] systemd[1]: Started Journal Service.
[    0.994029] usb 5-1: new low-speed USB device number 2 using xhci_hcd
[    1.009929] device-mapper: uevent: version 1.0.3
[    1.010014] device-mapper: ioctl: 4.43.0-ioctl (2020-10-01) initialised: dm-devel@redhat.com
[    1.097395] ACPI: Video Device [VGA] (multi-head: yes  rom: no  post: no)
[    1.097704] acpi device:02: registered as cooling_device12
[    1.097743] input: Video Bus as /devices/LNXSYSTM:00/LNXSYBUS:00/PNP0A08:00/device:01/LNXVIDEO:00/input/input2
[    1.107057] acpi PNP0C14:01: duplicate WMI GUID 05901221-D566-11D1-B2F0-00A0C9062910 (first instance was on PNP0C14:00)
[    1.107125] acpi PNP0C14:02: duplicate WMI GUID 05901221-D566-11D1-B2F0-00A0C9062910 (first instance was on PNP0C14:00)
[    1.107200] acpi PNP0C14:03: duplicate WMI GUID 05901221-D566-11D1-B2F0-00A0C9062910 (first instance was on PNP0C14:00)
[    1.126490] sp5100_tco: SP5100/SB800 TCO WatchDog Timer Driver
[    1.126565] sp5100-tco sp5100-tco: Using 0xfeb00000 for watchdog MMIO address
[    1.126572] sp5100-tco sp5100-tco: Watchdog hardware is disabled
[    1.127415] ccp 0000:08:00.2: enabling device (0000 -> 0002)
[    1.127583] ccp 0000:08:00.2: ccp: unable to access the device: you might be running a broken BIOS.
[    1.130098] libata version 3.00 loaded.
[    1.135703] usb 5-1: New USB device found, idVendor=28a0, idProduct=1185, bcdDevice= 1.00
[    1.135708] usb 5-1: New USB device strings: Mfr=0, Product=1, SerialNumber=0
[    1.135711] usb 5-1: Product: USB OPTICAL MOUSE 
[    1.137363] r8169 0000:05:00.0 eth0: RTL8125B, 7c:10:c9:bb:da:26, XID 641, IRQ 64
[    1.137368] r8169 0000:05:00.0 eth0: jumbo features [frames: 9194 bytes, tx checksumming: ko]
[    1.137725] ccp 0000:08:00.2: tee enabled
[    1.137729] ccp 0000:08:00.2: psp enabled
[    1.151660] input: USB OPTICAL MOUSE  as /devices/pci0000:00/0000:00:08.1/0000:08:00.4/usb5/5-1/5-1:1.0/0003:28A0:1185.0001/input/input3
[    1.151745] hid-generic 0003:28A0:1185.0001: input,hidraw0: USB HID v1.11 Mouse [USB OPTICAL MOUSE ] on usb-0000:08:00.4-1/input0
[    1.152495] ahci 0000:02:00.1: version 3.0
[    1.152707] ahci 0000:02:00.1: SSS flag set, parallel bus scan disabled
[    1.152747] ahci 0000:02:00.1: AHCI 0001.0301 32 slots 8 ports 6 Gbps 0x33 impl SATA mode
[    1.152751] ahci 0000:02:00.1: flags: 64bit ncq sntf stag pm led clo only pmp pio slum part sxs deso sadm sds apst 
[    1.155678] scsi host0: ahci
[    1.157999] scsi host1: ahci
[    1.158120] scsi host2: ahci
[    1.158788] r8169 0000:05:00.0 enp5s0: renamed from eth0
[    1.159022] scsi host3: ahci
[    1.159121] scsi host4: ahci
[    1.159231] scsi host5: ahci
[    1.159347] scsi host6: ahci
[    1.159438] scsi host7: ahci
[    1.159482] ata1: SATA max UDMA/133 abar m131072@0xf5e80000 port 0xf5e80100 irq 65
[    1.159485] ata2: SATA max UDMA/133 abar m131072@0xf5e80000 port 0xf5e80180 irq 65
[    1.159486] ata3: DUMMY
[    1.159487] ata4: DUMMY
[    1.159489] ata5: SATA max UDMA/133 abar m131072@0xf5e80000 port 0xf5e80300 irq 65
[    1.159491] ata6: SATA max UDMA/133 abar m131072@0xf5e80000 port 0xf5e80380 irq 65
[    1.159492] ata7: DUMMY
[    1.159494] ata8: DUMMY
[    1.159679] ahci 0000:09:00.0: AHCI 0001.0301 32 slots 1 ports 6 Gbps 0x1 impl SATA mode
[    1.159682] ahci 0000:09:00.0: flags: 64bit ncq sntf ilck pm led clo only pmp fbs pio slum part 
[    1.159824] scsi host8: ahci
[    1.159864] ata9: SATA max UDMA/133 abar m2048@0xf5f00000 port 0xf5f00100 irq 67
[    1.160795] nvme nvme0: pci function 0000:07:00.0
[    1.168196] nvme nvme0: missing or invalid SUBNQN field.
[    1.168288] nvme nvme0: allocated 16 MiB host memory buffer.
[    1.169573] nvme nvme0: 8/0/0 default/read/poll queues
[    1.187641]  nvme0n1: p1 p2 p3
[    1.264993] usb 5-2: new low-speed USB device number 3 using xhci_hcd
[    1.409518] usb 5-2: New USB device found, idVendor=1a2c, idProduct=2f2a, bcdDevice= 1.10
[    1.409526] usb 5-2: New USB device strings: Mfr=1, Product=2, SerialNumber=0
[    1.409529] usb 5-2: Product: USB Keyboard
[    1.409530] usb 5-2: Manufacturer: SEMICO
[    1.440704] input: SEMICO USB Keyboard as /devices/pci0000:00/0000:00:08.1/0000:08:00.4/usb5/5-2/5-2:1.0/0003:1A2C:2F2A.0002/input/input4
[    1.468320] ata9: SATA link down (SStatus 0 SControl 300)
[    1.492144] hid-generic 0003:1A2C:2F2A.0002: input,hidraw1: USB HID v1.10 Keyboard [SEMICO USB Keyboard] on usb-0000:08:00.4-2/input0
[    1.496728] input: SEMICO USB Keyboard Consumer Control as /devices/pci0000:00/0000:00:08.1/0000:08:00.4/usb5/5-2/5-2:1.1/0003:1A2C:2F2A.0003/input/input5
[    1.548185] input: SEMICO USB Keyboard System Control as /devices/pci0000:00/0000:00:08.1/0000:08:00.4/usb5/5-2/5-2:1.1/0003:1A2C:2F2A.0003/input/input6
[    1.548307] hid-generic 0003:1A2C:2F2A.0003: input,hidraw2: USB HID v1.10 Device [SEMICO USB Keyboard] on usb-0000:08:00.4-2/input1
[    1.622999] ata1: SATA link up 6.0 Gbps (SStatus 133 SControl 300)
[    1.624024] ata1.00: ATA-8: TOSHIBA HDWD120, MX4OACF0, max UDMA/133
[    1.624030] ata1.00: 3907029168 sectors, multi 16: LBA48 NCQ (depth 32), AA
[    1.625146] ata1.00: configured for UDMA/133
[    1.625398] scsi 0:0:0:0: Direct-Access     ATA      TOSHIBA HDWD120  ACF0 PQ: 0 ANSI: 5
[    1.630525] sd 0:0:0:0: [sda] 3907029168 512-byte logical blocks: (2.00 TB/1.82 TiB)
[    1.630535] sd 0:0:0:0: [sda] 4096-byte physical blocks
[    1.630548] sd 0:0:0:0: [sda] Write Protect is off
[    1.630554] sd 0:0:0:0: [sda] Mode Sense: 00 3a 00 00
[    1.630571] sd 0:0:0:0: [sda] Write cache: enabled, read cache: enabled, doesn't support DPO or FUA
[    1.650421] sd 0:0:0:0: [sda] Attached SCSI disk
[    1.695988] tsc: Refined TSC clocksource calibration: 3892.668 MHz
[    1.696001] clocksource: tsc: mask: 0xffffffffffffffff max_cycles: 0x70389a1c830, max_idle_ns: 881590702409 ns
[    1.696079] clocksource: Switched to clocksource tsc
[    2.086992] ata2: SATA link up 6.0 Gbps (SStatus 133 SControl 300)
[    2.088020] ata2.00: ATA-8: TOSHIBA HDWD120, MX4OACF0, max UDMA/133
[    2.088028] ata2.00: 3907029168 sectors, multi 16: LBA48 NCQ (depth 32), AA
[    2.089150] ata2.00: configured for UDMA/133
[    2.089418] scsi 1:0:0:0: Direct-Access     ATA      TOSHIBA HDWD120  ACF0 PQ: 0 ANSI: 5
[    2.090021] sd 1:0:0:0: [sdb] 3907029168 512-byte logical blocks: (2.00 TB/1.82 TiB)
[    2.090060] sd 1:0:0:0: [sdb] 4096-byte physical blocks
[    2.090083] sd 1:0:0:0: [sdb] Write Protect is off
[    2.090089] sd 1:0:0:0: [sdb] Mode Sense: 00 3a 00 00
[    2.090114] sd 1:0:0:0: [sdb] Write cache: enabled, read cache: enabled, doesn't support DPO or FUA
[    2.128834]  sdb: sdb1 sdb2
[    2.129124] sd 1:0:0:0: [sdb] Attached SCSI disk
[    2.396445] ata5: SATA link down (SStatus 0 SControl 330)
[    2.700593] ata6: SATA link down (SStatus 0 SControl 330)
[    2.780693] random: crng init done
[    2.943722] device-mapper: ioctl: lvm[605]: dm-0 (openeuler-root) is created successfully
[    3.051936] device-mapper: ioctl: lvm[612]: dm-1 (openeuler-swap) is created successfully
[    3.226906] EXT4-fs (dm-0): mounted filesystem with ordered data mode. Opts: (null)
[    3.504790] systemd-journald[285]: Received SIGTERM from PID 1 (systemd).
[    3.563162] audit: type=1404 audit(1686824667.306:2): enforcing=1 old_enforcing=0 auid=4294967295 ses=4294967295 enabled=1 old-enabled=1 lsm=selinux res=1
[    3.594936] SELinux:  policy capability network_peer_controls=1
[    3.594942] SELinux:  policy capability open_perms=1
[    3.594944] SELinux:  policy capability extended_socket_class=1
[    3.594945] SELinux:  policy capability always_check_network=0
[    3.594946] SELinux:  policy capability cgroup_seclabel=1
[    3.594946] SELinux:  policy capability nnp_nosuid_transition=1
[    3.594948] SELinux:  policy capability genfs_seclabel_symlinks=0
[    3.594948] SELinux:  policy capability ioctl_skip_cloexec=0
[    3.615016] audit: type=1403 audit(1686824667.359:3): auid=4294967295 ses=4294967295 lsm=selinux res=1
[    3.617362] systemd[1]: Successfully loaded SELinux policy in 54.950ms.
[    3.647603] systemd[1]: Relabelled /dev, /dev/shm, /run, /sys/fs/cgroup in 20.759ms.
[    3.651124] systemd[1]: systemd v249-43.oe2203sp1 running in system mode (+PAM +AUDIT +SELINUX -APPARMOR +IMA -SMACK +SECCOMP +GCRYPT +GNUTLS -OPENSSL +ACL +BLKID -CURL -ELFUTILS -FIDO2 +IDN2 -IDN -IPTC +KMOD -LIBCRYPTSETUP +LIBFDISK +PCRE2 -PWQUALITY +P11KIT -QRENCODE +BZIP2 +LZ4 +XZ +ZLIB -ZSTD +XKBCOMMON +UTMP +SYSVINIT default-hierarchy=legacy)
[    3.663087] systemd[1]: Detected architecture x86-64.
[    3.677235] systemd-rc-local-generator[724]: /etc/rc.d/rc.local is not marked executable, skipping.
[    3.740472] systemd[1]: /usr/lib/systemd/system/dbus.socket:5: ListenStream= references a path below legacy directory /var/run/, updating /var/run/dbus/system_bus_socket  /run/dbus/system_bus_socket; please update the unit file accordingly.
[    3.757403] systemd[1]: /usr/lib/systemd/system/libstoragemgmt.service:7: Standard output type syslog is obsolete, automatically updating to journal. Please update your unit file, and consider removing the setting altogether.
[    3.793528] systemd[1]: initrd-switch-root.service: Deactivated successfully.
[    3.793909] systemd[1]: Stopped Switch Root.
[    3.794377] systemd[1]: systemd-journald.service: Scheduled restart job, restart counter is at 1.
[    3.794624] systemd[1]: Created slice Virtual Machine and Container Slice.
[    3.794922] systemd[1]: Created slice Slice /system/getty.
[    3.795153] systemd[1]: Created slice Slice /system/modprobe.
[    3.795374] systemd[1]: Created slice Slice /system/sshd-keygen.
[    3.795615] systemd[1]: Created slice Slice /system/systemd-fsck.
[    3.795800] systemd[1]: Created slice User and Session Slice.
[    3.795903] systemd[1]: Started Dispatch Password Requests to Console Directory Watch.
[    3.796002] systemd[1]: Started Forward Password Requests to Wall Directory Watch.
[    3.796341] systemd[1]: Set up automount Arbitrary Executable File Formats File System Automount Point.
[    3.796388] systemd[1]: Stopped target Switch Root.
[    3.796413] systemd[1]: Stopped target Initrd File Systems.
[    3.796432] systemd[1]: Stopped target Initrd Root File System.
[    3.796463] systemd[1]: Reached target Path Units.
[    3.796491] systemd[1]: Reached target Slice Units.
[    3.796739] systemd[1]: Listening on Device-mapper event daemon FIFOs.
[    3.797280] systemd[1]: Listening on LVM2 poll daemon socket.
[    3.798156] systemd[1]: Listening on RPCbind Server Activation Socket.
[    3.798188] systemd[1]: Reached target RPC Port Mapper.
[    3.799423] systemd[1]: Listening on Process Core Dump Socket.
[    3.799619] systemd[1]: Listening on initctl Compatibility Named Pipe.
[    3.800217] systemd[1]: Listening on udev Control Socket.
[    3.800491] systemd[1]: Listening on udev Kernel Socket.
[    3.801295] systemd[1]: Activating swap /dev/mapper/openeuler-swap...
[    3.802326] systemd[1]: Mounting Huge Pages File System...
[    3.803171] systemd[1]: Mounting POSIX Message Queue File System...
[    3.803938] systemd[1]: Mounting Kernel Debug File System...
[    3.804914] systemd[1]: Mounting Kernel Trace File System...
[    3.805176] systemd[1]: Condition check resulted in Kernel Module supporting RPCSEC_GSS being skipped.
[    3.806120] VFS: Open an write opened block device exclusively dm-1. current [732 swapon]. parent [1 systemd]
[    3.806499] Adding 4194300k swap on /dev/mapper/openeuler-swap.  Priority:-2 extents:1 across:4194300k SSFS
[    3.807160] systemd[1]: Starting Create List of Static Device Nodes...
[    3.808345] systemd[1]: Starting Monitoring of LVM2 mirrors, snapshots etc. using dmeventd or progress polling...
[    3.809582] systemd[1]: Starting Load Kernel Module configfs...
[    3.810576] systemd[1]: Starting Load Kernel Module drm...
[    3.811555] systemd[1]: Starting Load Kernel Module fuse...
[    3.811940] systemd[1]: Condition check resulted in Set Up Additional Binary Formats being skipped.
[    3.812002] systemd[1]: Stopped Journal Service.
[    3.813500] systemd[1]: Starting Journal Service...
[    3.814196] systemd[1]: Condition check resulted in Load Kernel Modules being skipped.
[    3.815500] systemd[1]: Starting Remount Root and Kernel File Systems...
[    3.816556] systemd[1]: Starting Apply Kernel Variables...
[    3.817789] systemd[1]: Starting Coldplug All udev Devices...
[    3.820893] EXT4-fs (dm-0): re-mounted. Opts: (null)
[    3.821738] systemd[1]: Activated swap /dev/mapper/openeuler-swap.
[    3.824202] systemd[1]: Mounted Huge Pages File System.
[    3.824375] systemd[1]: Mounted POSIX Message Queue File System.
[    3.824467] systemd[1]: Mounted Kernel Debug File System.
[    3.824588] systemd[1]: Mounted Kernel Trace File System.
[    3.825346] systemd[1]: Finished Create List of Static Device Nodes.
[    3.825626] systemd[1]: modprobe@configfs.service: Deactivated successfully.
[    3.825944] fuse: init (API version 7.33)
[    3.826037] systemd[1]: Finished Load Kernel Module configfs.
[    3.826560] systemd[1]: Finished Remount Root and Kernel File Systems.
[    3.826802] systemd[1]: modprobe@fuse.service: Deactivated successfully.
[    3.827153] systemd[1]: Finished Load Kernel Module fuse.
[    3.827355] systemd[1]: Reached target Swaps.
[    3.828609] systemd[1]: Mounting FUSE Control File System...
[    3.829783] systemd[1]: Mounting Kernel Configuration File System...
[    3.831687] systemd[1]: Mounting Temporary Directory /tmp...
[    3.832551] systemd[1]: Condition check resulted in Rebuild Hardware Database being skipped.
[    3.833638] systemd[1]: Starting Load/Save Random Seed...
[    3.833759] systemd[1]: Condition check resulted in Create System Users being skipped.
[    3.834911] systemd[1]: Starting Create Static Device Nodes in /dev...
[    3.836046] systemd[1]: Started Journal Service.
[    3.843159] systemd-journald[750]: Received client request to flush runtime journal.
[    3.885761] EXT4-fs (nvme0n1p2): mounted filesystem with ordered data mode. Opts: (null)
[    3.947076] sd 0:0:0:0: Attached scsi generic sg0 type 0
[    3.947110] sd 1:0:0:0: Attached scsi generic sg1 type 0
[    3.947673] input: PC Speaker as /devices/platform/pcspkr/input/input7
[    3.949235] piix4_smbus 0000:00:14.0: SMBus Host Controller at 0xff00, revision 15
[    3.949239] piix4_smbus 0000:00:14.0: Using register 0x02 for SMBus port selection
[    3.949284] piix4_smbus 0000:00:14.0: Auxiliary SMBus Host Controller at 0xff20
[    3.949936] asus_wmi: ASUS WMI generic driver loaded
[    3.951539] VFIO - User Level meta-driver version: 0.3
[    3.951636] asus_wmi: Initialization: 0x0
[    3.951670] asus_wmi: BIOS WMI version: 0.9
[    3.951761] asus_wmi: SFUN value: 0x0
[    3.951765] eeepc-wmi eeepc-wmi: Detected ASUSWMI, use DCTS
[    3.952102] input: Eee PC WMI hotkeys as /devices/platform/eeepc-wmi/input/input8
[    3.952132] RAPL PMU: API unit is 2^-32 Joules, 1 fixed counters, 163840 ms ovfl timer
[    3.952136] RAPL PMU: hw unit of domain package 2^-16 Joules
[    4.022622] kvm: Nested Virtualization enabled
[    4.022639] SVM: kvm: Nested Paging enabled
[    4.022642] SVM: Virtual VMLOAD VMSAVE supported
[    4.022644] SVM: Virtual GIF supported
[    4.029464] MCE: In-kernel MCE decoding enabled.
[    4.043507] EDAC amd64: F19h detected (node 0).
[    4.043522] EDAC amd64: Error: F0 not found, device 0x1650 (broken BIOS?)
[    4.048438] snd_hda_intel 0000:08:00.1: enabling device (0000 -> 0002)
[    4.048531] snd_hda_intel 0000:08:00.1: Handle vga_switcheroo audio client
[    4.048563] snd_hda_intel 0000:08:00.6: enabling device (0000 -> 0002)
[    4.074534] nvidia: loading out-of-tree module taints kernel.
[    4.074548] nvidia: module license 'NVIDIA' taints kernel.
[    4.074550] Disabling lock debugging due to kernel taint
[    4.082848] nvidia: module verification failed: signature and/or required key missing - tainting kernel
[    4.083388] EDAC amd64: F19h detected (node 0).
[    4.083404] EDAC amd64: Error: F0 not found, device 0x1650 (broken BIOS?)
[    4.087296] intel_rapl_common: Found RAPL domain package
[    4.087303] intel_rapl_common: Found RAPL domain core
[    4.091474] snd_hda_codec_realtek hdaudioC1D0: ALCS1200A: SKU not ready 0x00000000
[    4.092187] snd_hda_codec_realtek hdaudioC1D0: autoconfig for ALCS1200A: line_outs=3 (0x14/0x15/0x16/0x0/0x0) type:line
[    4.092190] snd_hda_codec_realtek hdaudioC1D0:    speaker_outs=0 (0x0/0x0/0x0/0x0/0x0)
[    4.092192] snd_hda_codec_realtek hdaudioC1D0:    hp_outs=1 (0x1b/0x0/0x0/0x0/0x0)
[    4.092193] snd_hda_codec_realtek hdaudioC1D0:    mono: mono_out=0x0
[    4.092204] snd_hda_codec_realtek hdaudioC1D0:    dig-out=0x1e/0x0
[    4.092205] snd_hda_codec_realtek hdaudioC1D0:    inputs:
[    4.092206] snd_hda_codec_realtek hdaudioC1D0:      Front Mic=0x19
[    4.092208] snd_hda_codec_realtek hdaudioC1D0:      Rear Mic=0x18
[    4.092209] snd_hda_codec_realtek hdaudioC1D0:      Line=0x1a
[    4.095313] input: HD-Audio Generic HDMI/DP,pcm=3 as /devices/pci0000:00/0000:00:08.1/0000:08:00.1/sound/card0/input9
[    4.095358] input: HD-Audio Generic HDMI/DP,pcm=7 as /devices/pci0000:00/0000:00:08.1/0000:08:00.1/sound/card0/input10
[    4.096400] nvidia-nvlink: Nvlink Core is being initialized, major device number 236
[    4.096405] NVRM: probing 0x10de 0x2236, class 0x30200
[    4.097121] nvidia 0000:01:00.0: enabling device (0000 -> 0002)
[    4.097182] NVRM: GPU 0000:01:00.0: ATS not supported by this GPU. Disabling ATS support for all the GPUs in the system!
[    4.097208] NVRM: PCI:0000:01:00.0 (10de:2236): BAR0 @ 0xf4000000 (16MB)
[    4.097210] NVRM: PCI:0000:01:00.0 (10de:2236): BAR1 @ 0x6000000000 (32768MB)
[    4.097223] NVRM: Failed to evaluate _PR3 object
[    4.113562] input: HD-Audio Generic Front Mic as /devices/pci0000:00/0000:00:08.1/0000:08:00.6/sound/card1/input11
[    4.113608] input: HD-Audio Generic Rear Mic as /devices/pci0000:00/0000:00:08.1/0000:08:00.6/sound/card1/input12
[    4.113644] input: HD-Audio Generic Line as /devices/pci0000:00/0000:00:08.1/0000:08:00.6/sound/card1/input13
[    4.113676] input: HD-Audio Generic Line Out Front as /devices/pci0000:00/0000:00:08.1/0000:08:00.6/sound/card1/input14
[    4.113707] input: HD-Audio Generic Line Out Surround as /devices/pci0000:00/0000:00:08.1/0000:08:00.6/sound/card1/input15
[    4.113732] input: HD-Audio Generic Line Out CLFE as /devices/pci0000:00/0000:00:08.1/0000:08:00.6/sound/card1/input16
[    4.113753] input: HD-Audio Generic Front Headphone as /devices/pci0000:00/0000:00:08.1/0000:08:00.6/sound/card1/input17
[    4.128531] EDAC amd64: F19h detected (node 0).
[    4.128548] EDAC amd64: Error: F0 not found, device 0x1650 (broken BIOS?)
[    4.131653] device-mapper: ioctl: lvm[933]: dm-2 (openeuler-home) is created successfully
[    4.142055] NVRM: loading NVIDIA UNIX x86_64 Kernel Module  525.85.07  Wed Jan 18 00:59:17 UTC 2023
[    4.181562] EDAC amd64: F19h detected (node 0).
[    4.181581] EDAC amd64: Error: F0 not found, device 0x1650 (broken BIOS?)
[    4.225994] EXT4-fs (dm-2): mounted filesystem with ordered data mode. Opts: (null)
[    4.243943] [drm] amdgpu kernel modesetting enabled.
[    4.244043] amdgpu 0000:08:00.0: vgaarb: deactivate vga console
[    4.244097] amdgpu 0000:08:00.0: enabling device (0006 -> 0007)
[    4.244164] [drm] initializing kernel modesetting (RENOIR 0x1002:0x1638 0x1043:0x8809 0xC9).
[    4.244168] amdgpu 0000:08:00.0: amdgpu: Trusted Memory Zone (TMZ) feature disabled as experimental (default)
[    4.244188] [drm] register mmio base: 0xF5C00000
[    4.244189] [drm] register mmio size: 524288
[    4.244192] [drm] PCIE atomic ops is not supported
[    4.245348] [drm] add ip block number 0 <soc15_common>
[    4.245353] [drm] add ip block number 1 <gmc_v9_0>
[    4.245355] [drm] add ip block number 2 <vega10_ih>
[    4.245356] [drm] add ip block number 3 <psp>
[    4.245357] [drm] add ip block number 4 <smu>
[    4.245359] [drm] add ip block number 5 <gfx_v9_0>
[    4.245360] [drm] add ip block number 6 <sdma_v4_0>
[    4.245362] [drm] add ip block number 7 <dm>
[    4.245364] [drm] add ip block number 8 <vcn_v2_0>
[    4.245365] [drm] add ip block number 9 <jpeg_v2_0>
[    4.245375] amdgpu 0000:08:00.0: amdgpu: Fetched VBIOS from VFCT
[    4.245378] amdgpu: ATOM BIOS: 113-CEZANNE-018
[    4.255126] [drm] VCN decode is enabled in VM mode
[    4.255133] [drm] VCN encode is enabled in VM mode
[    4.255135] [drm] JPEG decode is enabled in VM mode
[    4.255183] [drm] vm size is 262144 GB, 4 levels, block size is 9-bit, fragment size is 9-bit
[    4.255191] amdgpu 0000:08:00.0: amdgpu: VRAM: 2048M 0x000000F400000000 - 0x000000F47FFFFFFF (2048M used)
[    4.255193] amdgpu 0000:08:00.0: amdgpu: GART: 1024M 0x0000000000000000 - 0x000000003FFFFFFF
[    4.255195] amdgpu 0000:08:00.0: amdgpu: AGP: 267419648M 0x000000F800000000 - 0x0000FFFFFFFFFFFF
[    4.255201] [drm] Detected VRAM RAM=2048M, BAR=2048M
[    4.255202] [drm] RAM width 128bits DDR4
[    4.255261] [TTM] Zone  kernel: Available graphics memory: 64512546 KiB
[    4.255263] [TTM] Zone   dma32: Available graphics memory: 2097152 KiB
[    4.255264] [TTM] Initializing pool allocator
[    4.255268] [TTM] Initializing DMA pool allocator
[    4.255313] [drm] amdgpu: 2048M of VRAM memory ready
[    4.255316] [drm] amdgpu: 3072M of GTT memory ready.
[    4.255317] [drm] GART: num cpu pages 262144, num gpu pages 262144
[    4.255455] [drm] PCIE GART of 1024M enabled (table at 0x000000F400900000).
[    4.264651] [drm] Loading DMUB firmware via PSP: version=0x01010019
[    4.265309] [drm] Found VCN firmware Version ENC: 1.14 DEC: 5 VEP: 0 Revision: 20
[    4.265327] amdgpu 0000:08:00.0: amdgpu: Will use PSP to load VCN firmware
[    4.997806] [drm] reserve 0x400000 from 0xf47f800000 for PSP TMR
[    5.000663] EDAC amd64: F19h detected (node 0).
[    5.000678] EDAC amd64: Error: F0 not found, device 0x1650 (broken BIOS?)
[    5.014222] RPC: Registered named UNIX socket transport module.
[    5.014228] RPC: Registered udp transport module.
[    5.014229] RPC: Registered tcp transport module.
[    5.014230] RPC: Registered tcp NFSv4.1 backchannel transport module.
[    5.046616] EDAC amd64: F19h detected (node 0).
[    5.046630] EDAC amd64: Error: F0 not found, device 0x1650 (broken BIOS?)
[    5.074594] EDAC amd64: F19h detected (node 0).
[    5.074606] EDAC amd64: Error: F0 not found, device 0x1650 (broken BIOS?)
[    5.076480] NVRM: nvidia_open...
[    5.076487] NVRM: nvidia_ctl_open
[    5.076492] NVRM: ioctl(0xd2, 0x34e77ac0, 0x48)
[    5.076512] NVRM: ioctl(0xd6, 0x34e77b50, 0x8)
[    5.076515] NVRM: ioctl(0xc8, 0x4fe26600, 0x900)
[    5.076524] NVRM: ioctl(0x2b, 0x34e77c20, 0x20)
[    5.076553] NVRM: ioctl(0x2a, 0x34e76f40, 0x20)
[    5.076569] NVRM: ioctl(0x2a, 0x34e76f40, 0x20)
[    5.076576] NVRM: ioctl(0x2a, 0x34e76f40, 0x20)
[    5.076611] NVRM: nvidia_open...
[    5.076615] NVRM: GPU 0000:01:00.0: Opening GPU with minor number 0
[    5.077022] NVRM: GPU 0000:01:00.0: RmInitAdapter
[    5.077026] NVRM: GPU 0000:01:00.0: RmSetupRegisters for 0x10de:0x2236
[    5.077029] NVRM: GPU 0000:01:00.0: pci config info:
[    5.077031] NVRM: GPU 0000:01:00.0:    registers look  like: 00000000b357514d 00000000e1e652f3NVRM: GPU 0000:01:00.0:    fb        looks like: 00000000378d1520 00000000897e717eNVRM: GPU 0000:01:00.0: Successfully mapped framebuffer and registers
[    5.077064] NVRM: GPU 0000:01:00.0: final mappings:
[    5.077066] NVRM: GPU 0000:01:00.0:     regs: 00000000b357514d 00000000e1e652f3 0x000000008c7f0123
[    5.077854] NVRM: GPU at 0000:01:00.0 has software scheduler DISABLED with policy BEST_EFFORT.
[    5.090504] NVRM: nv_acpi_dsm_method: failed to evaluate _DSM method!
[    5.090513] NVRM: nv_acpi_dsm_method: failed to evaluate _DSM method!
[    5.090517] NVRM: nv_acpi_dsm_method: failed to evaluate _DSM method!
[    5.090520] NVRM: nv_acpi_dsm_method: failed to evaluate _DSM method!
[    5.090523] NVRM: nv_acpi_dsm_method: failed to evaluate _DSM method!
[    5.090526] NVRM: nv_acpi_dsm_method: failed to evaluate _DSM method!
[    5.090529] NVRM: nv_acpi_dsm_method: failed to evaluate _DSM method!
[    5.090532] NVRM: nv_acpi_dsm_method: failed to evaluate _DSM method!
[    5.090534] NVRM: nv_acpi_dsm_method: failed to evaluate _DSM method!
[    5.090537] NVRM: nv_acpi_dsm_method: failed to evaluate _DSM method!
[    5.090540] NVRM: nv_acpi_dsm_method: failed to evaluate _DSM method!
[    5.090545] NVRM: nv_acpi_dsm_method: failed to evaluate _DSM method!
[    5.090582] NVRM: nv_acpi_mux_method: Call for MXDM ACPI method 
[    5.090586] NVRM: nv_acpi_mux_method Mux device handle not found
[    5.090588] NVRM: nv_acpi_mux_method: Call for MXDM ACPI method 
[    5.090591] NVRM: nv_acpi_mux_method Mux device handle not found
[    5.090592] NVRM: nv_acpi_mux_method: Call for MXDM ACPI method 
[    5.090595] NVRM: nv_acpi_mux_method Mux device handle not found
[    5.090597] NVRM: nv_acpi_mux_method: Call for MXDM ACPI method 
[    5.090600] NVRM: nv_acpi_mux_method Mux device handle not found
[    5.090601] NVRM: nv_acpi_mux_method: Call for MXDM ACPI method 
[    5.090604] NVRM: nv_acpi_mux_method Mux device handle not found
[    5.115979] amdgpu 0000:08:00.0: amdgpu: RAS: optional ras ta ucode is not available
[    5.126991] amdgpu 0000:08:00.0: amdgpu: RAP: optional rap ta ucode is not available
[    5.127905] amdgpu 0000:08:00.0: amdgpu: SMU is initialized successfully!
[    5.129205] [drm] kiq ring mec 2 pipe 1 q 0
[    5.130129] [drm] Display Core initialized with v3.2.104!
[    5.130675] [drm] DMUB hardware initialized: version=0x01010019
[    5.131109] snd_hda_intel 0000:08:00.1: bound 0000:08:00.0 (ops amdgpu_dm_audio_component_bind_ops [amdgpu])
[    5.137989] [drm] VCN decode and encode initialized successfully(under DPG Mode).
[    5.138020] [drm] JPEG decode initialized successfully.
[    5.138026] amdgpu 0000:08:00.0: amdgpu: SE 1, SH per SE 1, CU per SH 8, active_cu_number 7
[    5.138081] amdgpu 0000:08:00.0: [drm] Cannot find any crtc or sizes
[    5.138188] amdgpu 0000:08:00.0: amdgpu: ring gfx uses VM inv eng 0 on hub 0
[    5.138193] amdgpu 0000:08:00.0: amdgpu: ring comp_1.0.0 uses VM inv eng 1 on hub 0
[    5.138195] amdgpu 0000:08:00.0: amdgpu: ring comp_1.1.0 uses VM inv eng 4 on hub 0
[    5.138197] amdgpu 0000:08:00.0: amdgpu: ring comp_1.2.0 uses VM inv eng 5 on hub 0
[    5.138199] amdgpu 0000:08:00.0: amdgpu: ring comp_1.3.0 uses VM inv eng 6 on hub 0
[    5.138202] amdgpu 0000:08:00.0: amdgpu: ring comp_1.0.1 uses VM inv eng 7 on hub 0
[    5.138204] amdgpu 0000:08:00.0: amdgpu: ring comp_1.1.1 uses VM inv eng 8 on hub 0
[    5.138206] amdgpu 0000:08:00.0: amdgpu: ring comp_1.2.1 uses VM inv eng 9 on hub 0
[    5.138208] amdgpu 0000:08:00.0: amdgpu: ring comp_1.3.1 uses VM inv eng 10 on hub 0
[    5.138211] amdgpu 0000:08:00.0: amdgpu: ring kiq_2.1.0 uses VM inv eng 11 on hub 0
[    5.138213] amdgpu 0000:08:00.0: amdgpu: ring sdma0 uses VM inv eng 0 on hub 1
[    5.138215] amdgpu 0000:08:00.0: amdgpu: ring vcn_dec uses VM inv eng 1 on hub 1
[    5.138217] amdgpu 0000:08:00.0: amdgpu: ring vcn_enc0 uses VM inv eng 4 on hub 1
[    5.138220] amdgpu 0000:08:00.0: amdgpu: ring vcn_enc1 uses VM inv eng 5 on hub 1
[    5.138222] amdgpu 0000:08:00.0: amdgpu: ring jpeg_dec uses VM inv eng 6 on hub 1
[    5.144262] [drm] Initialized amdgpu 3.40.0 20150101 for 0000:08:00.0 on minor 0
[    5.256820] NVRM: VM: nv_alloc_pages: 85 pages
[    5.256828] NVRM: VM:    contig 0  cache_type 1
[    5.256837] NVRM: VM: 3244014704: 85 pages
[    5.257007] NVRM: VM: nv_alloc_pages:3410: 0x0000000086057582, 85 page(s), count = 1, flags = 0x00000004, page_table = 0x00000000c8df2d5e
[    5.293774] NVRM: VM: nv_alloc_pages: 9 pages
[    5.293779] NVRM: VM:    contig 1  cache_type 1
[    5.293784] NVRM: VM: nv_alloc_contig_pages: 9 pages
[    5.293816] NVRM: VM: nv_alloc_pages:3410: 0x0000000003f455aa, 9 page(s), count = 1, flags = 0x00000005, page_table = 0x00000000df147a65
[    5.293825] NVRM: VM: nv_alloc_pages: 1 pages
[    5.293827] NVRM: VM:    contig 1  cache_type 1
[    5.293829] NVRM: VM: nv_alloc_contig_pages: 1 pages
[    5.293835] NVRM: VM: nv_alloc_pages:3410: 0x000000009323907d, 1 page(s), count = 1, flags = 0x00000005, page_table = 0x000000003b6374cc
[    5.405835] NVRM: VM: nv_alloc_pages: 1 pages
[    5.405837] NVRM: VM:    contig 1  cache_type 1
[    5.405840] NVRM: VM: nv_alloc_contig_pages: 1 pages
[    5.405871] NVRM: VM: nv_alloc_pages:3410: 0x00000000fd6f3c51, 1 page(s), count = 1, flags = 0x00000005, page_table = 0x00000000f2d16380
[    5.412371] NVRM: VM: nv_alloc_pages: 1 pages
[    5.412372] NVRM: VM:    contig 1  cache_type 0
[    5.412376] NVRM: VM: nv_alloc_contig_pages: 1 pages
[    5.412382] NVRM: VM: nv_alloc_pages:3410: 0x0000000008146e80, 1 page(s), count = 1, flags = 0x00000005, page_table = 0x00000000854bd4f9
[    5.412387] NVRM: VM: nv_alloc_pages: 16 pages
[    5.412388] NVRM: VM:    contig 1  cache_type 0
[    5.412390] NVRM: VM: nv_alloc_contig_pages: 16 pages
[    5.412396] NVRM: VM: nv_alloc_pages:3410: 0x0000000028a647f8, 16 page(s), count = 1, flags = 0x00000005, page_table = 0x0000000072df11a1
[    5.418283] EDAC amd64: F19h detected (node 0).
[    5.418294] EDAC amd64: Error: F0 not found, device 0x1650 (broken BIOS?)
[    5.423429] NVRM: VM: nv_alloc_pages: 289 pages
[    5.423430] NVRM: VM:    contig 0  cache_type 0
[    5.423444] NVRM: VM: 3244014704: 289 pages
[    5.423542] NVRM: VM: nv_alloc_pages:3410: 0x00000000b4f35eec, 289 page(s), count = 1, flags = 0x00000004, page_table = 0x00000000a56fe900
[    5.465540] NVRM: VM: nv_alloc_pages: 2 pages
[    5.465541] NVRM: VM:    contig 0  cache_type 1
[    5.465543] NVRM: VM: 3244014704: 2 pages
[    5.465568] NVRM: VM: nv_alloc_pages:3410: 0x0000000044c3db64, 2 page(s), count = 1, flags = 0x00000004, page_table = 0x00000000c726b7c0
[    5.468029] NVRM: VM: nv_alloc_pages: 15 pages
[    5.468030] NVRM: VM:    contig 1  cache_type 1
[    5.468032] NVRM: VM: nv_alloc_contig_pages: 15 pages
[    5.468052] NVRM: VM: nv_alloc_pages:3410: 0x0000000048c571ea, 15 page(s), count = 1, flags = 0x00000005, page_table = 0x0000000097c8671c
[    5.615876] NVRM: VM: nv_free_pages: 0xf
[    5.615878] NVRM: VM: nv_free_pages:3433: 0x0000000048c571ea, 15 page(s), count = 1, flags = 0x00000005, page_table = 0x0000000097c8671c
[    5.615879] NVRM: VM: nv_free_contig_pages: 15 pages
[    5.616067] NVRM: VM: nv_alloc_pages: 2 pages
[    5.616067] NVRM: VM:    contig 1  cache_type 1
[    5.616069] NVRM: VM: nv_alloc_contig_pages: 2 pages
[    5.616087] NVRM: VM: nv_alloc_pages:3410: 0x00000000a5d9d396, 2 page(s), count = 1, flags = 0x00000005, page_table = 0x000000007b56c155
[    5.617201] NVRM: VM: nv_free_pages: 0x2
[    5.617202] NVRM: VM: nv_free_pages:3433: 0x00000000a5d9d396, 2 page(s), count = 1, flags = 0x00000005, page_table = 0x000000007b56c155
[    5.617202] NVRM: VM: nv_free_contig_pages: 2 pages
[    5.618425] NVRM: VM: nv_alloc_pages: 1 pages
[    5.618426] NVRM: VM:    contig 1  cache_type 0
[    5.618426] NVRM: VM: nv_alloc_contig_pages: 1 pages
[    5.618428] NVRM: VM: nv_alloc_pages:3410: 0x00000000f4e4a786, 1 page(s), count = 1, flags = 0x00000005, page_table = 0x00000000d0d7d87d
[    5.620159] NVRM: VM: nv_alloc_pages: 1 pages
[    5.620160] NVRM: VM:    contig 0  cache_type 1
